siya@LAPTOP-LAAA4T1H:/mnt/c/Users/siyam/OneDrive/Desktop/p4$ make
make: 'main' is up to date.
siya@LAPTOP-LAAA4T1H:/mnt/c/Users/siyam/OneDrive/Desktop/p4$ g++ -o Task1 Task1.cpp
/usr/bin/ld: /usr/lib/gcc/x86_64-linux-gnu/9/../../../x86_64-linux-gnu/Scrt1.o: in function `_start':
(.text+0x24): undefined reference to `main'
collect2: error: ld returned 1 exit status
siya@LAPTOP-LAAA4T1H:/mnt/c/Users/siyam/OneDrive/Desktop/p4$ make
make: 'main' is up to date.
siya@LAPTOP-LAAA4T1H:/mnt/c/Users/siyam/OneDrive/Desktop/p4$ make
makefile:9: *** missing separator.  Stop.
siya@LAPTOP-LAAA4T1H:/mnt/c/Users/siyam/OneDrive/Desktop/p4$ ./main
About to implement Phase 1 Run Test:
Segmentation fault
siya@LAPTOP-LAAA4T1H:/mnt/c/Users/siyam/OneDrive/Desktop/p4$ make
makefile:9: *** missing separator.  Stop.
siya@LAPTOP-LAAA4T1H:/mnt/c/Users/siyam/OneDrive/Desktop/p4$ make
g++    -c -o main.o main.cpp
g++ -g -std=c++98 main.o TwoDArray.o  -o main
/usr/bin/ld: TwoDArray.o: in function `TwoDArray::TwoDArray(int**, int*, int)':
TwoDArray.cpp:(.text+0x0): multiple definition of `TwoDArray::TwoDArray(int**, int*, int)'; main.o:main.cpp:(.text+0x0): first defined here
/usr/bin/ld: TwoDArray.o: in function `TwoDArray::TwoDArray(int**, int*, int)':
TwoDArray.cpp:(.text+0x0): multiple definition of `TwoDArray::TwoDArray(int**, int*, int)'; main.o:main.cpp:(.text+0x0): first defined here
/usr/bin/ld: TwoDArray.o: in function `TwoDArray::~TwoDArray()':
TwoDArray.cpp:(.text+0x7e): multiple definition of `TwoDArray::~TwoDArray()'; main.o:main.cpp:(.text+0x7e): first defined here
/usr/bin/ld: TwoDArray.o: in function `TwoDArray::~TwoDArray()':
TwoDArray.cpp:(.text+0x7e): multiple definition of `TwoDArray::~TwoDArray()'; main.o:main.cpp:(.text+0x7e): first defined here
/usr/bin/ld: TwoDArray.o: in function `operator<<(std::ostream&, TwoDArray&)':
TwoDArray.cpp:(.text+0xa4): multiple definition of `operator<<(std::ostream&, TwoDArray&)'; main.o:main.cpp:(.text+0xa4): first defined here
/usr/bin/ld: TwoDArray.o: in function `TwoDArray::getArray()':
TwoDArray.cpp:(.text+0x19c): multiple definition of `TwoDArray::getArray()'; main.o:main.cpp:(.text+0x19c): first defined here
/usr/bin/ld: TwoDArray.o: in function `TwoDArray::getSizes()':
TwoDArray.cpp:(.text+0x2d4): multiple definition of `TwoDArray::getSizes()'; main.o:main.cpp:(.text+0x2d0): first defined here
/usr/bin/ld: TwoDArray.o: in function `TwoDArray::getBaseSize()':
TwoDArray.cpp:(.text+0x376): multiple definition of `TwoDArray::getBaseSize()'; main.o:main.cpp:(.text+0x370): first defined here
/usr/bin/ld: TwoDArray.o: in function `TwoDArray::operator int**()':
TwoDArray.cpp:(.text+0x3a2): multiple definition of `TwoDArray::operator int**()'; main.o:main.cpp:(.text+0x39c): first defined here
/usr/bin/ld: TwoDArray.o: in function `TwoDArray::operator int*()':
TwoDArray.cpp:(.text+0x4da): multiple definition of `TwoDArray::operator int*()'; main.o:main.cpp:(.text+0x4d0): first defined here
/usr/bin/ld: TwoDArray.o: in function `TwoDArray::operator int()':
TwoDArray.cpp:(.text+0x57c): multiple definition of `TwoDArray::operator int()'; main.o:main.cpp:(.text+0x570): first defined here
collect2: error: ld returned 1 exit status
make: *** [makefile:5: main] Error 1
siya@LAPTOP-LAAA4T1H:/mnt/c/Users/siyam/OneDrive/Desktop/p4$ make
g++ -g -std=c++98 main.o TwoDArray.o  -o main
/usr/bin/ld: TwoDArray.o: in function `TwoDArray::TwoDArray(int**, int*, int)':
TwoDArray.cpp:(.text+0x0): multiple definition of `TwoDArray::TwoDArray(int**, int*, int)'; main.o:main.cpp:(.text+0x0): first defined here
/usr/bin/ld: TwoDArray.o: in function `TwoDArray::TwoDArray(int**, int*, int)':
TwoDArray.cpp:(.text+0x0): multiple definition of `TwoDArray::TwoDArray(int**, int*, int)'; main.o:main.cpp:(.text+0x0): first defined here
/usr/bin/ld: TwoDArray.o: in function `TwoDArray::~TwoDArray()':
TwoDArray.cpp:(.text+0x7e): multiple definition of `TwoDArray::~TwoDArray()'; main.o:main.cpp:(.text+0x7e): first defined here
/usr/bin/ld: TwoDArray.o: in function `TwoDArray::~TwoDArray()':
TwoDArray.cpp:(.text+0x7e): multiple definition of `TwoDArray::~TwoDArray()'; main.o:main.cpp:(.text+0x7e): first defined here
/usr/bin/ld: TwoDArray.o: in function `operator<<(std::ostream&, TwoDArray&)':
TwoDArray.cpp:(.text+0xa4): multiple definition of `operator<<(std::ostream&, TwoDArray&)'; main.o:main.cpp:(.text+0xa4): first defined here
/usr/bin/ld: TwoDArray.o: in function `TwoDArray::getArray()':
TwoDArray.cpp:(.text+0x19c): multiple definition of `TwoDArray::getArray()'; main.o:main.cpp:(.text+0x19c): first defined here
/usr/bin/ld: TwoDArray.o: in function `TwoDArray::getSizes()':
TwoDArray.cpp:(.text+0x2d4): multiple definition of `TwoDArray::getSizes()'; main.o:main.cpp:(.text+0x2d0): first defined here
/usr/bin/ld: TwoDArray.o: in function `TwoDArray::getBaseSize()':
TwoDArray.cpp:(.text+0x376): multiple definition of `TwoDArray::getBaseSize()'; main.o:main.cpp:(.text+0x370): first defined here
/usr/bin/ld: TwoDArray.o: in function `TwoDArray::operator int**()':
TwoDArray.cpp:(.text+0x3a2): multiple definition of `TwoDArray::operator int**()'; main.o:main.cpp:(.text+0x39c): first defined here
/usr/bin/ld: TwoDArray.o: in function `TwoDArray::operator int*()':
TwoDArray.cpp:(.text+0x4da): multiple definition of `TwoDArray::operator int*()'; main.o:main.cpp:(.text+0x4d0): first defined here
/usr/bin/ld: TwoDArray.o: in function `TwoDArray::operator int()':
TwoDArray.cpp:(.text+0x57c): multiple definition of `TwoDArray::operator int()'; main.o:main.cpp:(.text+0x570): first defined here
collect2: error: ld returned 1 exit status
make: *** [makefile:5: main] Error 1
siya@LAPTOP-LAAA4T1H:/mnt/c/Users/siyam/OneDrive/Desktop/p4$ make
g++ -g -std=c++98 main.o TwoDArray.o  -o main
/usr/bin/ld: TwoDArray.o: in function `TwoDArray::TwoDArray(int**, int*, int)':
TwoDArray.cpp:(.text+0x0): multiple definition of `TwoDArray::TwoDArray(int**, int*, int)'; main.o:main.cpp:(.text+0x0): first defined here
/usr/bin/ld: TwoDArray.o: in function `TwoDArray::TwoDArray(int**, int*, int)':
TwoDArray.cpp:(.text+0x0): multiple definition of `TwoDArray::TwoDArray(int**, int*, int)'; main.o:main.cpp:(.text+0x0): first defined here
/usr/bin/ld: TwoDArray.o: in function `TwoDArray::~TwoDArray()':
TwoDArray.cpp:(.text+0x7e): multiple definition of `TwoDArray::~TwoDArray()'; main.o:main.cpp:(.text+0x7e): first defined here
/usr/bin/ld: TwoDArray.o: in function `TwoDArray::~TwoDArray()':
TwoDArray.cpp:(.text+0x7e): multiple definition of `TwoDArray::~TwoDArray()'; main.o:main.cpp:(.text+0x7e): first defined here
/usr/bin/ld: TwoDArray.o: in function `operator<<(std::ostream&, TwoDArray&)':
TwoDArray.cpp:(.text+0xa4): multiple definition of `operator<<(std::ostream&, TwoDArray&)'; main.o:main.cpp:(.text+0xa4): first defined here
/usr/bin/ld: TwoDArray.o: in function `TwoDArray::getArray()':
TwoDArray.cpp:(.text+0x19c): multiple definition of `TwoDArray::getArray()'; main.o:main.cpp:(.text+0x19c): first defined here
/usr/bin/ld: TwoDArray.o: in function `TwoDArray::getSizes()':
TwoDArray.cpp:(.text+0x2d4): multiple definition of `TwoDArray::getSizes()'; main.o:main.cpp:(.text+0x2d0): first defined here
/usr/bin/ld: TwoDArray.o: in function `TwoDArray::getBaseSize()':
TwoDArray.cpp:(.text+0x376): multiple definition of `TwoDArray::getBaseSize()'; main.o:main.cpp:(.text+0x370): first defined here
/usr/bin/ld: TwoDArray.o: in function `TwoDArray::operator int**()':
TwoDArray.cpp:(.text+0x3a2): multiple definition of `TwoDArray::operator int**()'; main.o:main.cpp:(.text+0x39c): first defined here
/usr/bin/ld: TwoDArray.o: in function `TwoDArray::operator int*()':
TwoDArray.cpp:(.text+0x4da): multiple definition of `TwoDArray::operator int*()'; main.o:main.cpp:(.text+0x4d0): first defined here
/usr/bin/ld: TwoDArray.o: in function `TwoDArray::operator int()':
TwoDArray.cpp:(.text+0x57c): multiple definition of `TwoDArray::operator int()'; main.o:main.cpp:(.text+0x570): first defined here
collect2: error: ld returned 1 exit status
make: *** [makefile:5: main] Error 1
siya@LAPTOP-LAAA4T1H:/mnt/c/Users/siyam/OneDrive/Desktop/p4$ make
g++ -g -std=c++98 main.o TwoDArray.o  -o main
/usr/bin/ld: TwoDArray.o: in function `TwoDArray::TwoDArray(int**, int*, int)':
TwoDArray.cpp:(.text+0x0): multiple definition of `TwoDArray::TwoDArray(int**, int*, int)'; main.o:main.cpp:(.text+0x0): first defined here
/usr/bin/ld: TwoDArray.o: in function `TwoDArray::TwoDArray(int**, int*, int)':
TwoDArray.cpp:(.text+0x0): multiple definition of `TwoDArray::TwoDArray(int**, int*, int)'; main.o:main.cpp:(.text+0x0): first defined here
/usr/bin/ld: TwoDArray.o: in function `TwoDArray::~TwoDArray()':
TwoDArray.cpp:(.text+0x7e): multiple definition of `TwoDArray::~TwoDArray()'; main.o:main.cpp:(.text+0x7e): first defined here
/usr/bin/ld: TwoDArray.o: in function `TwoDArray::~TwoDArray()':
TwoDArray.cpp:(.text+0x7e): multiple definition of `TwoDArray::~TwoDArray()'; main.o:main.cpp:(.text+0x7e): first defined here
/usr/bin/ld: TwoDArray.o: in function `operator<<(std::ostream&, TwoDArray&)':
TwoDArray.cpp:(.text+0xa4): multiple definition of `operator<<(std::ostream&, TwoDArray&)'; main.o:main.cpp:(.text+0xa4): first defined here
/usr/bin/ld: TwoDArray.o: in function `TwoDArray::getArray()':
TwoDArray.cpp:(.text+0x19c): multiple definition of `TwoDArray::getArray()'; main.o:main.cpp:(.text+0x19c): first defined here
/usr/bin/ld: TwoDArray.o: in function `TwoDArray::getSizes()':
TwoDArray.cpp:(.text+0x2d4): multiple definition of `TwoDArray::getSizes()'; main.o:main.cpp:(.text+0x2d0): first defined here
/usr/bin/ld: TwoDArray.o: in function `TwoDArray::getBaseSize()':
TwoDArray.cpp:(.text+0x376): multiple definition of `TwoDArray::getBaseSize()'; main.o:main.cpp:(.text+0x370): first defined here
/usr/bin/ld: TwoDArray.o: in function `TwoDArray::operator int**()':
TwoDArray.cpp:(.text+0x3a2): multiple definition of `TwoDArray::operator int**()'; main.o:main.cpp:(.text+0x39c): first defined here
/usr/bin/ld: TwoDArray.o: in function `TwoDArray::operator int*()':
TwoDArray.cpp:(.text+0x4da): multiple definition of `TwoDArray::operator int*()'; main.o:main.cpp:(.text+0x4d0): first defined here
/usr/bin/ld: TwoDArray.o: in function `TwoDArray::operator int()':
TwoDArray.cpp:(.text+0x57c): multiple definition of `TwoDArray::operator int()'; main.o:main.cpp:(.text+0x570): first defined here
collect2: error: ld returned 1 exit status
make: *** [makefile:5: main] Error 1
siya@LAPTOP-LAAA4T1H:/mnt/c/Users/siyam/OneDrive/Desktop/p4$ make
g++ -g -std=c++98 main.o TwoDArray.o  -o main
/usr/bin/ld: TwoDArray.o: in function `TwoDArray::TwoDArray(int**, int*, int)':
TwoDArray.cpp:(.text+0x0): multiple definition of `TwoDArray::TwoDArray(int**, int*, int)'; main.o:main.cpp:(.text+0x0): first defined here
/usr/bin/ld: TwoDArray.o: in function `TwoDArray::TwoDArray(int**, int*, int)':
TwoDArray.cpp:(.text+0x0): multiple definition of `TwoDArray::TwoDArray(int**, int*, int)'; main.o:main.cpp:(.text+0x0): first defined here
/usr/bin/ld: TwoDArray.o: in function `TwoDArray::~TwoDArray()':
TwoDArray.cpp:(.text+0x7e): multiple definition of `TwoDArray::~TwoDArray()'; main.o:main.cpp:(.text+0x7e): first defined here
/usr/bin/ld: TwoDArray.o: in function `TwoDArray::~TwoDArray()':
TwoDArray.cpp:(.text+0x7e): multiple definition of `TwoDArray::~TwoDArray()'; main.o:main.cpp:(.text+0x7e): first defined here
/usr/bin/ld: TwoDArray.o: in function `operator<<(std::ostream&, TwoDArray&)':
TwoDArray.cpp:(.text+0xa4): multiple definition of `operator<<(std::ostream&, TwoDArray&)'; main.o:main.cpp:(.text+0xa4): first defined here
/usr/bin/ld: TwoDArray.o: in function `TwoDArray::getArray()':
TwoDArray.cpp:(.text+0x19c): multiple definition of `TwoDArray::getArray()'; main.o:main.cpp:(.text+0x19c): first defined here
/usr/bin/ld: TwoDArray.o: in function `TwoDArray::getSizes()':
TwoDArray.cpp:(.text+0x2d4): multiple definition of `TwoDArray::getSizes()'; main.o:main.cpp:(.text+0x2d0): first defined here
/usr/bin/ld: TwoDArray.o: in function `TwoDArray::getBaseSize()':
TwoDArray.cpp:(.text+0x376): multiple definition of `TwoDArray::getBaseSize()'; main.o:main.cpp:(.text+0x370): first defined here
/usr/bin/ld: TwoDArray.o: in function `TwoDArray::operator int**()':
TwoDArray.cpp:(.text+0x3a2): multiple definition of `TwoDArray::operator int**()'; main.o:main.cpp:(.text+0x39c): first defined here
/usr/bin/ld: TwoDArray.o: in function `TwoDArray::operator int*()':
TwoDArray.cpp:(.text+0x4da): multiple definition of `TwoDArray::operator int*()'; main.o:main.cpp:(.text+0x4d0): first defined here
/usr/bin/ld: TwoDArray.o: in function `TwoDArray::operator int()':
TwoDArray.cpp:(.text+0x57c): multiple definition of `TwoDArray::operator int()'; main.o:main.cpp:(.text+0x570): first defined here
collect2: error: ld returned 1 exit status
make: *** [makefile:5: main] Error 1
siya@LAPTOP-LAAA4T1H:/mnt/c/Users/siyam/OneDrive/Desktop/p4$ make
g++ -g -std=c++98 main.o TwoDArray.o  -o main
/usr/bin/ld: TwoDArray.o: in function `TwoDArray::TwoDArray(int**, int*, int)':
TwoDArray.cpp:(.text+0x0): multiple definition of `TwoDArray::TwoDArray(int**, int*, int)'; main.o:main.cpp:(.text+0x0): first defined here
/usr/bin/ld: TwoDArray.o: in function `TwoDArray::TwoDArray(int**, int*, int)':
TwoDArray.cpp:(.text+0x0): multiple definition of `TwoDArray::TwoDArray(int**, int*, int)'; main.o:main.cpp:(.text+0x0): first defined here
/usr/bin/ld: TwoDArray.o: in function `TwoDArray::~TwoDArray()':
TwoDArray.cpp:(.text+0x7e): multiple definition of `TwoDArray::~TwoDArray()'; main.o:main.cpp:(.text+0x7e): first defined here
/usr/bin/ld: TwoDArray.o: in function `TwoDArray::~TwoDArray()':
TwoDArray.cpp:(.text+0x7e): multiple definition of `TwoDArray::~TwoDArray()'; main.o:main.cpp:(.text+0x7e): first defined here
/usr/bin/ld: TwoDArray.o: in function `operator<<(std::ostream&, TwoDArray&)':
TwoDArray.cpp:(.text+0xa4): multiple definition of `operator<<(std::ostream&, TwoDArray&)'; main.o:main.cpp:(.text+0xa4): first defined here
/usr/bin/ld: TwoDArray.o: in function `TwoDArray::getArray()':
TwoDArray.cpp:(.text+0x19c): multiple definition of `TwoDArray::getArray()'; main.o:main.cpp:(.text+0x19c): first defined here
/usr/bin/ld: TwoDArray.o: in function `TwoDArray::getSizes()':
TwoDArray.cpp:(.text+0x2d4): multiple definition of `TwoDArray::getSizes()'; main.o:main.cpp:(.text+0x2d0): first defined here
/usr/bin/ld: TwoDArray.o: in function `TwoDArray::getBaseSize()':
TwoDArray.cpp:(.text+0x376): multiple definition of `TwoDArray::getBaseSize()'; main.o:main.cpp:(.text+0x370): first defined here
/usr/bin/ld: TwoDArray.o: in function `TwoDArray::operator int**()':
TwoDArray.cpp:(.text+0x3a2): multiple definition of `TwoDArray::operator int**()'; main.o:main.cpp:(.text+0x39c): first defined here
/usr/bin/ld: TwoDArray.o: in function `TwoDArray::operator int*()':
TwoDArray.cpp:(.text+0x4da): multiple definition of `TwoDArray::operator int*()'; main.o:main.cpp:(.text+0x4d0): first defined here
/usr/bin/ld: TwoDArray.o: in function `TwoDArray::operator int()':
TwoDArray.cpp:(.text+0x57c): multiple definition of `TwoDArray::operator int()'; main.o:main.cpp:(.text+0x570): first defined here
collect2: error: ld returned 1 exit status
make: *** [makefile:5: main] Error 1
siya@LAPTOP-LAAA4T1H:/mnt/c/Users/siyam/OneDrive/Desktop/p4$ make
g++ -g -std=c++98 main.o TwoDArray.o  -o main
/usr/bin/ld: TwoDArray.o: in function `TwoDArray::TwoDArray(int**, int*, int)':
TwoDArray.cpp:(.text+0x0): multiple definition of `TwoDArray::TwoDArray(int**, int*, int)'; main.o:main.cpp:(.text+0x0): first defined here
/usr/bin/ld: TwoDArray.o: in function `TwoDArray::TwoDArray(int**, int*, int)':
TwoDArray.cpp:(.text+0x0): multiple definition of `TwoDArray::TwoDArray(int**, int*, int)'; main.o:main.cpp:(.text+0x0): first defined here
/usr/bin/ld: TwoDArray.o: in function `TwoDArray::~TwoDArray()':
TwoDArray.cpp:(.text+0x7e): multiple definition of `TwoDArray::~TwoDArray()'; main.o:main.cpp:(.text+0x7e): first defined here
/usr/bin/ld: TwoDArray.o: in function `TwoDArray::~TwoDArray()':
TwoDArray.cpp:(.text+0x7e): multiple definition of `TwoDArray::~TwoDArray()'; main.o:main.cpp:(.text+0x7e): first defined here
/usr/bin/ld: TwoDArray.o: in function `operator<<(std::ostream&, TwoDArray&)':
TwoDArray.cpp:(.text+0xa4): multiple definition of `operator<<(std::ostream&, TwoDArray&)'; main.o:main.cpp:(.text+0xa4): first defined here
/usr/bin/ld: TwoDArray.o: in function `TwoDArray::getArray()':
TwoDArray.cpp:(.text+0x19c): multiple definition of `TwoDArray::getArray()'; main.o:main.cpp:(.text+0x19c): first defined here
/usr/bin/ld: TwoDArray.o: in function `TwoDArray::getSizes()':
TwoDArray.cpp:(.text+0x2d4): multiple definition of `TwoDArray::getSizes()'; main.o:main.cpp:(.text+0x2d0): first defined here
/usr/bin/ld: TwoDArray.o: in function `TwoDArray::getBaseSize()':
TwoDArray.cpp:(.text+0x376): multiple definition of `TwoDArray::getBaseSize()'; main.o:main.cpp:(.text+0x370): first defined here
/usr/bin/ld: TwoDArray.o: in function `TwoDArray::operator int**()':
TwoDArray.cpp:(.text+0x3a2): multiple definition of `TwoDArray::operator int**()'; main.o:main.cpp:(.text+0x39c): first defined here
/usr/bin/ld: TwoDArray.o: in function `TwoDArray::operator int*()':
TwoDArray.cpp:(.text+0x4da): multiple definition of `TwoDArray::operator int*()'; main.o:main.cpp:(.text+0x4d0): first defined here
/usr/bin/ld: TwoDArray.o: in function `TwoDArray::operator int()':
TwoDArray.cpp:(.text+0x57c): multiple definition of `TwoDArray::operator int()'; main.o:main.cpp:(.text+0x570): first defined here
collect2: error: ld returned 1 exit status
make: *** [makefile:5: main] Error 1
siya@LAPTOP-LAAA4T1H:/mnt/c/Users/siyam/OneDrive/Desktop/p4$ make
g++ -g -std=c++98 main.o TwoDArray.o  -o main
/usr/bin/ld: TwoDArray.o: in function `TwoDArray::TwoDArray(int**, int*, int)':
TwoDArray.cpp:(.text+0x0): multiple definition of `TwoDArray::TwoDArray(int**, int*, int)'; main.o:main.cpp:(.text+0x0): first defined here
/usr/bin/ld: TwoDArray.o: in function `TwoDArray::TwoDArray(int**, int*, int)':
TwoDArray.cpp:(.text+0x0): multiple definition of `TwoDArray::TwoDArray(int**, int*, int)'; main.o:main.cpp:(.text+0x0): first defined here
/usr/bin/ld: TwoDArray.o: in function `TwoDArray::~TwoDArray()':
TwoDArray.cpp:(.text+0x7e): multiple definition of `TwoDArray::~TwoDArray()'; main.o:main.cpp:(.text+0x7e): first defined here
/usr/bin/ld: TwoDArray.o: in function `TwoDArray::~TwoDArray()':
TwoDArray.cpp:(.text+0x7e): multiple definition of `TwoDArray::~TwoDArray()'; main.o:main.cpp:(.text+0x7e): first defined here
/usr/bin/ld: TwoDArray.o: in function `operator<<(std::ostream&, TwoDArray&)':
TwoDArray.cpp:(.text+0xa4): multiple definition of `operator<<(std::ostream&, TwoDArray&)'; main.o:main.cpp:(.text+0xa4): first defined here
/usr/bin/ld: TwoDArray.o: in function `TwoDArray::getArray()':
TwoDArray.cpp:(.text+0x19c): multiple definition of `TwoDArray::getArray()'; main.o:main.cpp:(.text+0x19c): first defined here
/usr/bin/ld: TwoDArray.o: in function `TwoDArray::getSizes()':
TwoDArray.cpp:(.text+0x2d4): multiple definition of `TwoDArray::getSizes()'; main.o:main.cpp:(.text+0x2d0): first defined here
/usr/bin/ld: TwoDArray.o: in function `TwoDArray::getBaseSize()':
TwoDArray.cpp:(.text+0x376): multiple definition of `TwoDArray::getBaseSize()'; main.o:main.cpp:(.text+0x370): first defined here
/usr/bin/ld: TwoDArray.o: in function `TwoDArray::operator int**()':
TwoDArray.cpp:(.text+0x3a2): multiple definition of `TwoDArray::operator int**()'; main.o:main.cpp:(.text+0x39c): first defined here
/usr/bin/ld: TwoDArray.o: in function `TwoDArray::operator int*()':
TwoDArray.cpp:(.text+0x4da): multiple definition of `TwoDArray::operator int*()'; main.o:main.cpp:(.text+0x4d0): first defined here
/usr/bin/ld: TwoDArray.o: in function `TwoDArray::operator int()':
TwoDArray.cpp:(.text+0x57c): multiple definition of `TwoDArray::operator int()'; main.o:main.cpp:(.text+0x570): first defined here
collect2: error: ld returned 1 exit status
make: *** [makefile:5: main] Error 1
siya@LAPTOP-LAAA4T1H:/mnt/c/Users/siyam/OneDrive/Desktop/p4$ make
g++ -c -std=c++98 TwoDArray.cpp
g++ -g -std=c++98 main.o TwoDArray.o  -o main
/usr/bin/ld: TwoDArray.o: in function `TwoDArray::TwoDArray(int**, int*, int)':
TwoDArray.cpp:(.text+0x0): multiple definition of `TwoDArray::TwoDArray(int**, int*, int)'; main.o:main.cpp:(.text+0x0): first defined here
/usr/bin/ld: TwoDArray.o: in function `TwoDArray::TwoDArray(int**, int*, int)':
TwoDArray.cpp:(.text+0x0): multiple definition of `TwoDArray::TwoDArray(int**, int*, int)'; main.o:main.cpp:(.text+0x0): first defined here
/usr/bin/ld: TwoDArray.o: in function `TwoDArray::~TwoDArray()':
TwoDArray.cpp:(.text+0x7e): multiple definition of `TwoDArray::~TwoDArray()'; main.o:main.cpp:(.text+0x7e): first defined here
/usr/bin/ld: TwoDArray.o: in function `TwoDArray::~TwoDArray()':
TwoDArray.cpp:(.text+0x7e): multiple definition of `TwoDArray::~TwoDArray()'; main.o:main.cpp:(.text+0x7e): first defined here
/usr/bin/ld: TwoDArray.o: in function `operator<<(std::ostream&, TwoDArray&)':
TwoDArray.cpp:(.text+0xa4): multiple definition of `operator<<(std::ostream&, TwoDArray&)'; main.o:main.cpp:(.text+0xa4): first defined here
/usr/bin/ld: TwoDArray.o: in function `TwoDArray::getArray()':
TwoDArray.cpp:(.text+0x19c): multiple definition of `TwoDArray::getArray()'; main.o:main.cpp:(.text+0x19c): first defined here
/usr/bin/ld: TwoDArray.o: in function `TwoDArray::getSizes()':
TwoDArray.cpp:(.text+0x2d4): multiple definition of `TwoDArray::getSizes()'; main.o:main.cpp:(.text+0x2d0): first defined here
/usr/bin/ld: TwoDArray.o: in function `TwoDArray::getBaseSize()':
TwoDArray.cpp:(.text+0x376): multiple definition of `TwoDArray::getBaseSize()'; main.o:main.cpp:(.text+0x370): first defined here
/usr/bin/ld: TwoDArray.o: in function `TwoDArray::operator int**()':
TwoDArray.cpp:(.text+0x3a2): multiple definition of `TwoDArray::operator int**()'; main.o:main.cpp:(.text+0x39c): first defined here
/usr/bin/ld: TwoDArray.o: in function `TwoDArray::operator int*()':
TwoDArray.cpp:(.text+0x4da): multiple definition of `TwoDArray::operator int*()'; main.o:main.cpp:(.text+0x4d0): first defined here
/usr/bin/ld: TwoDArray.o: in function `TwoDArray::operator int()':
TwoDArray.cpp:(.text+0x57c): multiple definition of `TwoDArray::operator int()'; main.o:main.cpp:(.text+0x570): first defined here
collect2: error: ld returned 1 exit status
make: *** [makefile:5: main] Error 1
siya@LAPTOP-LAAA4T1H:/mnt/c/Users/siyam/OneDrive/Desktop/p4$ make
g++ -g -std=c++98 main.o TwoDArray.o  -o main
/usr/bin/ld: TwoDArray.o: in function `TwoDArray::TwoDArray(int**, int*, int)':
TwoDArray.cpp:(.text+0x0): multiple definition of `TwoDArray::TwoDArray(int**, int*, int)'; main.o:main.cpp:(.text+0x0): first defined here
/usr/bin/ld: TwoDArray.o: in function `TwoDArray::TwoDArray(int**, int*, int)':
TwoDArray.cpp:(.text+0x0): multiple definition of `TwoDArray::TwoDArray(int**, int*, int)'; main.o:main.cpp:(.text+0x0): first defined here
/usr/bin/ld: TwoDArray.o: in function `TwoDArray::~TwoDArray()':
TwoDArray.cpp:(.text+0x7e): multiple definition of `TwoDArray::~TwoDArray()'; main.o:main.cpp:(.text+0x7e): first defined here
/usr/bin/ld: TwoDArray.o: in function `TwoDArray::~TwoDArray()':
TwoDArray.cpp:(.text+0x7e): multiple definition of `TwoDArray::~TwoDArray()'; main.o:main.cpp:(.text+0x7e): first defined here
/usr/bin/ld: TwoDArray.o: in function `operator<<(std::ostream&, TwoDArray&)':
TwoDArray.cpp:(.text+0xa4): multiple definition of `operator<<(std::ostream&, TwoDArray&)'; main.o:main.cpp:(.text+0xa4): first defined here
/usr/bin/ld: TwoDArray.o: in function `TwoDArray::getArray()':
TwoDArray.cpp:(.text+0x19c): multiple definition of `TwoDArray::getArray()'; main.o:main.cpp:(.text+0x19c): first defined here
/usr/bin/ld: TwoDArray.o: in function `TwoDArray::getSizes()':
TwoDArray.cpp:(.text+0x2d4): multiple definition of `TwoDArray::getSizes()'; main.o:main.cpp:(.text+0x2d0): first defined here
/usr/bin/ld: TwoDArray.o: in function `TwoDArray::getBaseSize()':
TwoDArray.cpp:(.text+0x376): multiple definition of `TwoDArray::getBaseSize()'; main.o:main.cpp:(.text+0x370): first defined here
/usr/bin/ld: TwoDArray.o: in function `TwoDArray::operator int**()':
TwoDArray.cpp:(.text+0x3a2): multiple definition of `TwoDArray::operator int**()'; main.o:main.cpp:(.text+0x39c): first defined here
/usr/bin/ld: TwoDArray.o: in function `TwoDArray::operator int*()':
TwoDArray.cpp:(.text+0x4da): multiple definition of `TwoDArray::operator int*()'; main.o:main.cpp:(.text+0x4d0): first defined here
/usr/bin/ld: TwoDArray.o: in function `TwoDArray::operator int()':
TwoDArray.cpp:(.text+0x57c): multiple definition of `TwoDArray::operator int()'; main.o:main.cpp:(.text+0x570): first defined here
collect2: error: ld returned 1 exit status
make: *** [makefile:5: main] Error 1
siya@LAPTOP-LAAA4T1H:/mnt/c/Users/siyam/OneDrive/Desktop/p4$ make
g++ -g -std=c++98 main.o TwoDArray.o  -o main
/usr/bin/ld: TwoDArray.o: in function `TwoDArray::TwoDArray(int**, int*, int)':
TwoDArray.cpp:(.text+0x0): multiple definition of `TwoDArray::TwoDArray(int**, int*, int)'; main.o:main.cpp:(.text+0x0): first defined here
/usr/bin/ld: TwoDArray.o: in function `TwoDArray::TwoDArray(int**, int*, int)':
TwoDArray.cpp:(.text+0x0): multiple definition of `TwoDArray::TwoDArray(int**, int*, int)'; main.o:main.cpp:(.text+0x0): first defined here
/usr/bin/ld: TwoDArray.o: in function `TwoDArray::~TwoDArray()':
TwoDArray.cpp:(.text+0x7e): multiple definition of `TwoDArray::~TwoDArray()'; main.o:main.cpp:(.text+0x7e): first defined here
/usr/bin/ld: TwoDArray.o: in function `TwoDArray::~TwoDArray()':
TwoDArray.cpp:(.text+0x7e): multiple definition of `TwoDArray::~TwoDArray()'; main.o:main.cpp:(.text+0x7e): first defined here
/usr/bin/ld: TwoDArray.o: in function `operator<<(std::ostream&, TwoDArray&)':
TwoDArray.cpp:(.text+0xa4): multiple definition of `operator<<(std::ostream&, TwoDArray&)'; main.o:main.cpp:(.text+0xa4): first defined here
/usr/bin/ld: TwoDArray.o: in function `TwoDArray::getArray()':
TwoDArray.cpp:(.text+0x19c): multiple definition of `TwoDArray::getArray()'; main.o:main.cpp:(.text+0x19c): first defined here
/usr/bin/ld: TwoDArray.o: in function `TwoDArray::getSizes()':
TwoDArray.cpp:(.text+0x2d4): multiple definition of `TwoDArray::getSizes()'; main.o:main.cpp:(.text+0x2d0): first defined here
/usr/bin/ld: TwoDArray.o: in function `TwoDArray::getBaseSize()':
TwoDArray.cpp:(.text+0x376): multiple definition of `TwoDArray::getBaseSize()'; main.o:main.cpp:(.text+0x370): first defined here
/usr/bin/ld: TwoDArray.o: in function `TwoDArray::operator int**()':
TwoDArray.cpp:(.text+0x3a2): multiple definition of `TwoDArray::operator int**()'; main.o:main.cpp:(.text+0x39c): first defined here
/usr/bin/ld: TwoDArray.o: in function `TwoDArray::operator int*()':
TwoDArray.cpp:(.text+0x4da): multiple definition of `TwoDArray::operator int*()'; main.o:main.cpp:(.text+0x4d0): first defined here
/usr/bin/ld: TwoDArray.o: in function `TwoDArray::operator int()':
TwoDArray.cpp:(.text+0x57c): multiple definition of `TwoDArray::operator int()'; main.o:main.cpp:(.text+0x570): first defined here
collect2: error: ld returned 1 exit status
make: *** [makefile:5: main] Error 1
siya@LAPTOP-LAAA4T1H:/mnt/c/Users/siyam/OneDrive/Desktop/p4$ make
g++ -g -std=c++98 main.o TwoDArray.o  -o main
/usr/bin/ld: TwoDArray.o: in function `TwoDArray::TwoDArray(int**, int*, int)':
TwoDArray.cpp:(.text+0x0): multiple definition of `TwoDArray::TwoDArray(int**, int*, int)'; main.o:main.cpp:(.text+0x0): first defined here
/usr/bin/ld: TwoDArray.o: in function `TwoDArray::TwoDArray(int**, int*, int)':
TwoDArray.cpp:(.text+0x0): multiple definition of `TwoDArray::TwoDArray(int**, int*, int)'; main.o:main.cpp:(.text+0x0): first defined here
/usr/bin/ld: TwoDArray.o: in function `TwoDArray::~TwoDArray()':
TwoDArray.cpp:(.text+0x7e): multiple definition of `TwoDArray::~TwoDArray()'; main.o:main.cpp:(.text+0x7e): first defined here
/usr/bin/ld: TwoDArray.o: in function `TwoDArray::~TwoDArray()':
TwoDArray.cpp:(.text+0x7e): multiple definition of `TwoDArray::~TwoDArray()'; main.o:main.cpp:(.text+0x7e): first defined here
/usr/bin/ld: TwoDArray.o: in function `operator<<(std::ostream&, TwoDArray&)':
TwoDArray.cpp:(.text+0xa4): multiple definition of `operator<<(std::ostream&, TwoDArray&)'; main.o:main.cpp:(.text+0xa4): first defined here
/usr/bin/ld: TwoDArray.o: in function `TwoDArray::getArray()':
TwoDArray.cpp:(.text+0x19c): multiple definition of `TwoDArray::getArray()'; main.o:main.cpp:(.text+0x19c): first defined here
/usr/bin/ld: TwoDArray.o: in function `TwoDArray::getSizes()':
TwoDArray.cpp:(.text+0x2d4): multiple definition of `TwoDArray::getSizes()'; main.o:main.cpp:(.text+0x2d0): first defined here
/usr/bin/ld: TwoDArray.o: in function `TwoDArray::getBaseSize()':
TwoDArray.cpp:(.text+0x376): multiple definition of `TwoDArray::getBaseSize()'; main.o:main.cpp:(.text+0x370): first defined here
/usr/bin/ld: TwoDArray.o: in function `TwoDArray::operator int**()':
TwoDArray.cpp:(.text+0x3a2): multiple definition of `TwoDArray::operator int**()'; main.o:main.cpp:(.text+0x39c): first defined here
/usr/bin/ld: TwoDArray.o: in function `TwoDArray::operator int*()':
TwoDArray.cpp:(.text+0x4da): multiple definition of `TwoDArray::operator int*()'; main.o:main.cpp:(.text+0x4d0): first defined here
/usr/bin/ld: TwoDArray.o: in function `TwoDArray::operator int()':
TwoDArray.cpp:(.text+0x57c): multiple definition of `TwoDArray::operator int()'; main.o:main.cpp:(.text+0x570): first defined here
collect2: error: ld returned 1 exit status
make: *** [makefile:5: main] Error 1
siya@LAPTOP-LAAA4T1H:/mnt/c/Users/siyam/OneDrive/Desktop/p4$ make
g++ -g -std=c++98 main.o TwoDArray.o  -o main
/usr/bin/ld: TwoDArray.o: in function `TwoDArray::TwoDArray(int**, int*, int)':
TwoDArray.cpp:(.text+0x0): multiple definition of `TwoDArray::TwoDArray(int**, int*, int)'; main.o:main.cpp:(.text+0x0): first defined here
/usr/bin/ld: TwoDArray.o: in function `TwoDArray::TwoDArray(int**, int*, int)':
TwoDArray.cpp:(.text+0x0): multiple definition of `TwoDArray::TwoDArray(int**, int*, int)'; main.o:main.cpp:(.text+0x0): first defined here
/usr/bin/ld: TwoDArray.o: in function `TwoDArray::~TwoDArray()':
TwoDArray.cpp:(.text+0x7e): multiple definition of `TwoDArray::~TwoDArray()'; main.o:main.cpp:(.text+0x7e): first defined here
/usr/bin/ld: TwoDArray.o: in function `TwoDArray::~TwoDArray()':
TwoDArray.cpp:(.text+0x7e): multiple definition of `TwoDArray::~TwoDArray()'; main.o:main.cpp:(.text+0x7e): first defined here
/usr/bin/ld: TwoDArray.o: in function `operator<<(std::ostream&, TwoDArray&)':
TwoDArray.cpp:(.text+0xa4): multiple definition of `operator<<(std::ostream&, TwoDArray&)'; main.o:main.cpp:(.text+0xa4): first defined here
/usr/bin/ld: TwoDArray.o: in function `TwoDArray::getArray()':
TwoDArray.cpp:(.text+0x19c): multiple definition of `TwoDArray::getArray()'; main.o:main.cpp:(.text+0x19c): first defined here
/usr/bin/ld: TwoDArray.o: in function `TwoDArray::getSizes()':
TwoDArray.cpp:(.text+0x2d4): multiple definition of `TwoDArray::getSizes()'; main.o:main.cpp:(.text+0x2d0): first defined here
/usr/bin/ld: TwoDArray.o: in function `TwoDArray::getBaseSize()':
TwoDArray.cpp:(.text+0x376): multiple definition of `TwoDArray::getBaseSize()'; main.o:main.cpp:(.text+0x370): first defined here
/usr/bin/ld: TwoDArray.o: in function `TwoDArray::operator int**()':
TwoDArray.cpp:(.text+0x3a2): multiple definition of `TwoDArray::operator int**()'; main.o:main.cpp:(.text+0x39c): first defined here
/usr/bin/ld: TwoDArray.o: in function `TwoDArray::operator int*()':
TwoDArray.cpp:(.text+0x4da): multiple definition of `TwoDArray::operator int*()'; main.o:main.cpp:(.text+0x4d0): first defined here
/usr/bin/ld: TwoDArray.o: in function `TwoDArray::operator int()':
TwoDArray.cpp:(.text+0x57c): multiple definition of `TwoDArray::operator int()'; main.o:main.cpp:(.text+0x570): first defined here
collect2: error: ld returned 1 exit status
make: *** [makefile:5: main] Error 1
siya@LAPTOP-LAAA4T1H:/mnt/c/Users/siyam/OneDrive/Desktop/p4$ make
g++ -g -std=c++98 main.o TwoDArray.o  -o main
/usr/bin/ld: TwoDArray.o: in function `TwoDArray::TwoDArray(int**, int*, int)':
TwoDArray.cpp:(.text+0x0): multiple definition of `TwoDArray::TwoDArray(int**, int*, int)'; main.o:main.cpp:(.text+0x0): first defined here
/usr/bin/ld: TwoDArray.o: in function `TwoDArray::TwoDArray(int**, int*, int)':
TwoDArray.cpp:(.text+0x0): multiple definition of `TwoDArray::TwoDArray(int**, int*, int)'; main.o:main.cpp:(.text+0x0): first defined here
/usr/bin/ld: TwoDArray.o: in function `TwoDArray::~TwoDArray()':
TwoDArray.cpp:(.text+0x7e): multiple definition of `TwoDArray::~TwoDArray()'; main.o:main.cpp:(.text+0x7e): first defined here
/usr/bin/ld: TwoDArray.o: in function `TwoDArray::~TwoDArray()':
TwoDArray.cpp:(.text+0x7e): multiple definition of `TwoDArray::~TwoDArray()'; main.o:main.cpp:(.text+0x7e): first defined here
/usr/bin/ld: TwoDArray.o: in function `operator<<(std::ostream&, TwoDArray&)':
TwoDArray.cpp:(.text+0xa4): multiple definition of `operator<<(std::ostream&, TwoDArray&)'; main.o:main.cpp:(.text+0xa4): first defined here
/usr/bin/ld: TwoDArray.o: in function `TwoDArray::getArray()':
TwoDArray.cpp:(.text+0x19c): multiple definition of `TwoDArray::getArray()'; main.o:main.cpp:(.text+0x19c): first defined here
/usr/bin/ld: TwoDArray.o: in function `TwoDArray::getSizes()':
TwoDArray.cpp:(.text+0x2d4): multiple definition of `TwoDArray::getSizes()'; main.o:main.cpp:(.text+0x2d0): first defined here
/usr/bin/ld: TwoDArray.o: in function `TwoDArray::getBaseSize()':
TwoDArray.cpp:(.text+0x376): multiple definition of `TwoDArray::getBaseSize()'; main.o:main.cpp:(.text+0x370): first defined here
/usr/bin/ld: TwoDArray.o: in function `TwoDArray::operator int**()':
TwoDArray.cpp:(.text+0x3a2): multiple definition of `TwoDArray::operator int**()'; main.o:main.cpp:(.text+0x39c): first defined here
/usr/bin/ld: TwoDArray.o: in function `TwoDArray::operator int*()':
TwoDArray.cpp:(.text+0x4da): multiple definition of `TwoDArray::operator int*()'; main.o:main.cpp:(.text+0x4d0): first defined here
/usr/bin/ld: TwoDArray.o: in function `TwoDArray::operator int()':
TwoDArray.cpp:(.text+0x57c): multiple definition of `TwoDArray::operator int()'; main.o:main.cpp:(.text+0x570): first defined here
collect2: error: ld returned 1 exit status
make: *** [makefile:5: main] Error 1
siya@LAPTOP-LAAA4T1H:/mnt/c/Users/siyam/OneDrive/Desktop/p4$ make
g++    -c -o main.o main.cpp
g++ -g -std=c++98 main.o TwoDArray.o  -o main
siya@LAPTOP-LAAA4T1H:/mnt/c/Users/siyam/OneDrive/Desktop/p4$ ./main
About to implement Phase 1 Run Test:
siya@LAPTOP-LAAA4T1H:/mnt/c/Users/siyam/OneDrive/Desktop/p4$ make
g++    -c -o main.o main.cpp
main.cpp: In function ‘int main()’:
main.cpp:16:2: error: ‘Phase1’ has not been declared
   16 |  Phase1::runTest();//ermmm namespace phase 1?
      |  ^~~~~~
make: *** [<builtin>: main.o] Error 1
siya@LAPTOP-LAAA4T1H:/mnt/c/Users/siyam/OneDrive/Desktop/p4$ make
g++    -c -o main.o main.cpp
g++ -g -std=c++98 main.o TwoDArray.o  -o main
siya@LAPTOP-LAAA4T1H:/mnt/c/Users/siyam/OneDrive/Desktop/p4$ ./main
About to implement Phase 1 Run Test:
Phase 1 : about to start the runTest
Phase 1 : about to call the constructor
Segmentation fault
siya@LAPTOP-LAAA4T1H:/mnt/c/Users/siyam/OneDrive/Desktop/p4$ make
make: 'main' is up to date.
siya@LAPTOP-LAAA4T1H:/mnt/c/Users/siyam/OneDrive/Desktop/p4$ ./main
About to implement Phase 1 Run Test:
Phase 1 : about to start the runTest
Phase 1 : about to call the constructor
Segmentation fault
siya@LAPTOP-LAAA4T1H:/mnt/c/Users/siyam/OneDrive/Desktop/p4$ make
g++ -c -std=c++98 TwoDArray.cpp
g++ -g -std=c++98 main.o TwoDArray.o  -o main
siya@LAPTOP-LAAA4T1H:/mnt/c/Users/siyam/OneDrive/Desktop/p4$ ./main
About to implement Phase 1 Run Test:
Phase 1 : about to start the runTest
Phase 1 : about to call the constructor
TwoDArray(int** array, int* sizes, int baseSize) called
Segmentation fault
siya@LAPTOP-LAAA4T1H:/mnt/c/Users/siyam/OneDrive/Desktop/p4$ make
g++ -c -std=c++98 TwoDArray.cpp
g++ -g -std=c++98 main.o TwoDArray.o  -o main
siya@LAPTOP-LAAA4T1H:/mnt/c/Users/siyam/OneDrive/Desktop/p4$ ./main
About to implement Phase 1 Run Test:
Phase 1 : about to start the runTest
Phase 1 : about to call the constructor
TwoDArray(int** array, int* sizes, int baseSize) -> baseSize is 3
Segmentation fault
siya@LAPTOP-LAAA4T1H:/mnt/c/Users/siyam/OneDrive/Desktop/p4$ make
g++ -c -std=c++98 TwoDArray.cpp
g++ -g -std=c++98 main.o TwoDArray.o  -o main
siya@LAPTOP-LAAA4T1H:/mnt/c/Users/siyam/OneDrive/Desktop/p4$ ./main
About to implement Phase 1 Run Test:
Phase 1 : about to start the runTest
Phase 1 : about to call the constructor
TwoDArray(int** array, int* sizes, int baseSize) -> baseSize is 3
Segmentation fault
siya@LAPTOP-LAAA4T1H:/mnt/c/Users/siyam/OneDrive/Desktop/p4$ make
g++ -c -std=c++98 TwoDArray.cpp
g++ -g -std=c++98 main.o TwoDArray.o  -o main
siya@LAPTOP-LAAA4T1H:/mnt/c/Users/siyam/OneDrive/Desktop/p4$ ./main
About to implement Phase 1 Run Test:
Phase 1 : about to start the runTest
Phase 1 : about to call the constructor
TwoDArray(int** array, int* sizes, int baseSize) -> baseSize is 3
Segmentation fault
siya@LAPTOP-LAAA4T1H:/mnt/c/Users/siyam/OneDrive/Desktop/p4$ make
g++ -c -std=c++98 TwoDArray.cpp
g++ -g -std=c++98 main.o TwoDArray.o  -o main
./siya@LAPTOP-LAAA4T1H:/mnt/c/Users/siyam/OneDrive/Desktop/p4$ ./main
About to implement Phase 1 Run Test:
Phase 1 : about to start the runTest
Phase 1 : about to call the constructor
TwoDArray(int** array, int* sizes, int baseSize) & baseSize is 3
Segmentation fault
siya@LAPTOP-LAAA4T1H:/mnt/c/Users/siyam/OneDrive/Desktop/p4$ make
g++ -c -std=c++98 TwoDArray.cpp
g++ -g -std=c++98 main.o TwoDArray.o  -o main
siya@LAPTOP-LAAA4T1H:/mnt/c/Users/siyam/OneDrive/Desktop/p4$ ./main
About to implement Phase 1 Run Test:
Phase 1 : about to start the runTest
Phase 1 : about to call the constructor
TwoDArray(int** array, int* sizes, int baseSize) & baseSize is 3
Segmentation fault
siya@LAPTOP-LAAA4T1H:/mnt/c/Users/siyam/OneDrive/Desktop/p4$ make
g++ -c -std=c++98 TwoDArray.cpp
.g++ -g -std=c++98 main.o TwoDArray.o  -o main
/siya@LAPTOP-LAAA4T1H:/mnt/c/Users/siyam/OneDrive/Desktop/p4$ ./main
About to implement Phase 1 Run Test:
Phase 1 : about to start the runTest
Phase 1 : about to call the constructor
TwoDArray(int** array, int* sizes, int baseSize) & baseSize is 3
Segmentation fault
siya@LAPTOP-LAAA4T1H:/mnt/c/Users/siyam/OneDrive/Desktop/p4$ make
g++ -c -std=c++98 TwoDArray.cpp
g++ -g -std=c++98 main.o TwoDArray.o  -o main
./msiya@LAPTOP-LAAA4T1H:/mnt/c/Users/siyam/OneDrive/Desktop/p4$ ./main
About to implement Phase 1 Run Test:
Phase 1 : about to start the runTest
Phase 1 : about to call the constructor
TwoDArray(int** array, int* sizes, int baseSize) & baseSize is 3
Hello
Segmentation fault
siya@LAPTOP-LAAA4T1H:/mnt/c/Users/siyam/OneDrive/Desktop/p4$ make
g++ -c -std=c++98 TwoDArray.cpp
g++ -g -std=c++98 main.o TwoDArray.o  -o main
siya@LAPTOP-LAAA4T1H:/mnt/c/Users/siyam/OneDrive/Desktop/p4$ ./main
About to implement Phase 1 Run Test:
Phase 1 : about to start the runTest
Phase 1 : about to call the constructor
TwoDArray(int** array, int* sizes, int baseSize) & baseSize is 3
Hello
Segmentation fault
siya@LAPTOP-LAAA4T1H:/mnt/c/Users/siyam/OneDrive/Desktop/p4$ make
g++ -c -std=c++98 TwoDArray.cpp
g++ -g -std=c++98 main.o TwoDArray.o  -o main
./siya@LAPTOP-LAAA4T1H:/mnt/c/Users/siyam/OneDrive/Desktop/p4$ ./main
About to implement Phase 1 Run Test:
Phase 1 : about to start the runTest
Phase 1 : about to call the constructor
TwoDArray(int** array, int* sizes, int baseSize) & baseSize is 3
Segmentation fault
siya@LAPTOP-LAAA4T1H:/mnt/c/Users/siyam/OneDrive/Desktop/p4$ make
g++ -c -std=c++98 TwoDArray.cpp
,.g++ -g -std=c++98 main.o TwoDArray.o  -o main
siya@LAPTOP-LAAA4T1H:/mnt/c/Users/siyam/OneDrive/Desktop/p4$ ./main
About to implement Phase 1 Run Test:
Phase 1 : about to start the runTest
Phase 1 : about to call the constructor
TwoDArray(int** array, int* sizes, int baseSize) & baseSize is 3
Segmentation fault
siya@LAPTOP-LAAA4T1H:/mnt/c/Users/siyam/OneDrive/Desktop/p4$ make
g++ -c -std=c++98 TwoDArray.cpp
g++ -g -std=c++98 main.o TwoDArray.o  -o main
./msiya@LAPTOP-LAAA4T1H:/mnt/c/Users/siyam/OneDrive/Desktop/p4$ ./main
About to implement Phase 1 Run Test:
Phase 1 : about to start the runTest
Phase 1 : about to call the constructor
TwoDArray(int** array, int* sizes, int baseSize) & baseSize is 3
0
1
2
TwoDArray(int** array, int* sizes, int baseSize) called and execution complete
Contents:
Segmentation fault
siya@LAPTOP-LAAA4T1H:/mnt/c/Users/siyam/OneDrive/Desktop/p4$ make
g++ -c -std=c++98 TwoDArray.cpp
./g++ -g -std=c++98 main.o TwoDArray.o  -o main
maisiya@LAPTOP-LAAA4T1H:/mnt/c/Users/siyam/OneDrive/Desktop/p4$ ./main
About to implement Phase 1 Run Test:
Phase 1 : about to start the runTest
Phase 1 : about to call the constructor
TwoDArray(int** array, int* sizes, int baseSize) & baseSize is 3
0
1
2
TwoDArray(int** array, int* sizes, int baseSize) called and execution complete
Contents:
Segmentation fault
siya@LAPTOP-LAAA4T1H:/mnt/c/Users/siyam/OneDrive/Desktop/p4$ make
g++ -c -std=c++98 TwoDArray.cpp
.g++ -g -std=c++98 main.o TwoDArray.o  -o main
/masiya@LAPTOP-LAAA4T1H:/mnt/c/Users/siyam/OneDrive/Desktop/p4$ ./main
About to implement Phase 1 Run Test:
Phase 1 : about to start the runTest
Phase 1 : about to call the constructor
TwoDArray(int** array, int* sizes, int baseSize) & baseSize is 3
Segmentation fault
siya@LAPTOP-LAAA4T1H:/mnt/c/Users/siyam/OneDrive/Desktop/p4$ make
g++ -c -std=c++98 TwoDArray.cpp
g++ -g -std=c++98 main.o TwoDArray.o  -o main
siya@LAPTOP-LAAA4T1H:/mnt/c/Users/siyam/OneDrive/Desktop/p4$ ./main
About to implement Phase 1 Run Test:
Phase 1 : about to start the runTest
Phase 1 : about to call the constructor
TwoDArray(int** array, int* sizes, int baseSize) & baseSize is 3
123TwoDArray(int** array, int* sizes, int baseSize) called and execution complete
Contents:
Segmentation fault
siya@LAPTOP-LAAA4T1H:/mnt/c/Users/siyam/OneDrive/Desktop/p4$ make
g++ -c -std=c++98 TwoDArray.cpp
.g++ -g -std=c++98 main.o TwoDArray.o  -o main
/siya@LAPTOP-LAAA4T1H:/mnt/c/Users/siyam/OneDrive/Desktop/p4$ ./main
About to implement Phase 1 Run Test:
Phase 1 : about to start the runTest
Phase 1 : about to call the constructor
TwoDArray(int** array, int* sizes, int baseSize) & baseSize is 3
1 3
2 3
3 3
TwoDArray(int** array, int* sizes, int baseSize) called and execution complete
Contents:
Segmentation fault
siya@LAPTOP-LAAA4T1H:/mnt/c/Users/siyam/OneDrive/Desktop/p4$ make
g++ -c -std=c++98 TwoDArray.cpp
,TwoDArray.cpp: In constructor ‘TwoDArray::TwoDArray(int**, int*, int)’:
TwoDArray.cpp:15:22: error: invalid conversion from ‘int*’ to ‘int’ [-fpermissive]
   15 |     this->sizes[i] = new int (sizes[i]);
      |                      ^~~~~~~~~~~~~~~~~~
      |                      |
      |                      int*
make: *** [makefile:11: TwoDArray.o] Error 1
siya@LAPTOP-LAAA4T1H:/mnt/c/Users/siyam/OneDrive/Desktop/p4$ ,.make



mak,.make: command not found
siya@LAPTOP-LAAA4T1H:/mnt/c/Users/siyam/OneDrive/Desktop/p4$
siya@LAPTOP-LAAA4T1H:/mnt/c/Users/siyam/OneDrive/Desktop/p4$
siya@LAPTOP-LAAA4T1H:/mnt/c/Users/siyam/OneDrive/Desktop/p4$
siya@LAPTOP-LAAA4T1H:/mnt/c/Users/siyam/OneDrive/Desktop/p4$ make
g++ -c -std=c++98 TwoDArray.cpp
g++ -g -std=c++98 main.o TwoDArray.o  -o main
siya@LAPTOP-LAAA4T1H:/mnt/c/Users/siyam/OneDrive/Desktop/p4$ ./main
About to implement Phase 1 Run Test:
Phase 1 : about to start the runTest
Phase 1 : about to call the constructor
TwoDArray(int** array, int* sizes, int baseSize) & baseSize is 3
1 size : 3
Segmentation fault
siya@LAPTOP-LAAA4T1H:/mnt/c/Users/siyam/OneDrive/Desktop/p4$ ./main
About to implement Phase 1 Run Test:
Phase 1 : about to start the runTest
Phase 1 : about to call the constructor
TwoDArray(int** array, int* sizes, int baseSize) & baseSize is 3
1 size : 3
Segmentation fault
siya@LAPTOP-LAAA4T1H:/mnt/c/Users/siyam/OneDrive/Desktop/p4$ make
g++ -c -std=c++98 TwoDArray.cpp
TwoDArray.cpp: In constructor ‘TwoDArray::TwoDArray(int**, int*, int)’:
TwoDArray.cpp:9:7: error: ‘class TwoDArray’ has no member named ‘size’; did you mean ‘sizes’?
    9 | this->size = new int[baseSize];
      |       ^~~~
      |       sizes
make: *** [makefile:11: TwoDArray.o] Error 1
siya@LAPTOP-LAAA4T1H:/mnt/c/Users/siyam/OneDrive/Desktop/p4$ make
g++ -c -std=c++98 TwoDArray.cpp
,g++ -g -std=c++98 main.o TwoDArray.o  -o main
.siya@LAPTOP-LAAA4T1H:/mnt/c/Users/siyam/OneDrive/Desktop/p4$ ./main
About to implement Phase 1 Run Test:
Phase 1 : about to start the runTest
Phase 1 : about to call the constructor
TwoDArray(int** array, int* sizes, int baseSize) & baseSize is 3
1 size : 3
 : and the size 3
2 size : 3
 : and the size 3
3 size : 3
 : and the size 3
TwoDArray(int** array, int* sizes, int baseSize) called and execution complete
Contents:
Segmentation fault
siya@LAPTOP-LAAA4T1H:/mnt/c/Users/siyam/OneDrive/Desktop/p4$ make
g++ -c -std=c++98 TwoDArray.cpp
g++ -g -std=c++98 main.o TwoDArray.o  -o main
siya@LAPTOP-LAAA4T1H:/mnt/c/Users/siyam/OneDrive/Desktop/p4$ ./main
About to implement Phase 1 Run Test:
Phase 1 : about to start the runTest
Phase 1 : about to call the constructor
TwoDArray(int** array, int* sizes, int baseSize) & baseSize is 3
1 size : 3
 : and the size 3
2 size : 3
 : and the size 3
3 size : 3
 : and the size 3
TwoDArray(int** array, int* sizes, int baseSize) called and execution complete
Contents:
Segmentation fault
siya@LAPTOP-LAAA4T1H:/mnt/c/Users/siyam/OneDrive/Desktop/p4$ make
g++ -c -std=c++98 TwoDArray.cpp
g++ -g -std=c++98 main.o TwoDArray.o  -o main
siya@LAPTOP-LAAA4T1H:/mnt/c/Users/siyam/OneDrive/Desktop/p4$ ./main
About to implement Phase 1 Run Test:
Phase 1 : about to start the runTest
Phase 1 : about to call the constructor
TwoDArray(int** array, int* sizes, int baseSize) & baseSize is 3
1 : size : 3
2 : size : 3
3 : size : 3
TwoDArray(int** array, int* sizes, int baseSize) called and execution complete
Contents:
Segmentation fault
siya@LAPTOP-LAAA4T1H:/mnt/c/Users/siyam/OneDrive/Desktop/p4$ make
g++ -c -std=c++98 TwoDArray.cpp
TwoDArray.cpp: In function ‘std::ostream& operator<<(std::ostream&, TwoDArray&)’:
TwoDArray.cpp:39:25: error: expected ‘;’ before ‘for’
   39 | std::cout << "created t"
      |                         ^
      |                         ;
   40 | for (int i = 0; i < rows; i++)
      | ~~~
TwoDArray.cpp:40:17: error: ‘i’ was not declared in this scope
   40 | for (int i = 0; i < rows; i++)
      |                 ^
make: *** [makefile:11: TwoDArray.o] Error 1
siya@LAPTOP-LAAA4T1H:/mnt/c/Users/siyam/OneDrive/Desktop/p4$ make
g++ -c -std=c++98 TwoDArray.cpp
g++ -g -std=c++98 main.o TwoDArray.o  -o main
siya@LAPTOP-LAAA4T1H:/mnt/c/Users/siyam/OneDrive/Desktop/p4$ ./main
About to implement Phase 1 Run Test:
Phase 1 : about to start the runTest
Phase 1 : about to call the constructor
TwoDArray(int** array, int* sizes, int baseSize) & baseSize is 3
1 : size : 3
2 : size : 3
3 : size : 3
TwoDArray(int** array, int* sizes, int baseSize) called and execution complete
Contents:
Segmentation fault
siya@LAPTOP-LAAA4T1H:/mnt/c/Users/siyam/OneDrive/Desktop/p4$ make
g++ -c -std=c++98 TwoDArray.cpp
TwoDArray.cpp: In member function ‘TwoDArray::operator int**()’:
TwoDArray.cpp:93:51: error: expected ‘;’ before ‘int’
   93 | std::cout << "operator int** conversion called'\n"
      |                                                   ^
      |                                                   ;
   94 | int** arrayCopy = new int*[baseSize];
      | ~~~
TwoDArray.cpp:97:6: error: ‘arrayCopy’ was not declared in this scope
   97 |     *arrayCopy = new int[sizes[i]];
      |      ^~~~~~~~~
TwoDArray.cpp:105:8: error: ‘arrayCopy’ was not declared in this scope
  105 | return arrayCopy;
      |        ^~~~~~~~~
make: *** [makefile:11: TwoDArray.o] Error 1
siya@LAPTOP-LAAA4T1H:/mnt/c/Users/siyam/OneDrive/Desktop/p4$ make
g++ -c -std=c++98 TwoDArray.cpp
g++ -g -std=c++98 main.o TwoDArray.o  -o main
siya@LAPTOP-LAAA4T1H:/mnt/c/Users/siyam/OneDrive/Desktop/p4$ ./main
About to implement Phase 1 Run Test:
Phase 1 : about to start the runTest
Phase 1 : about to call the constructor
TwoDArray(int** array, int* sizes, int baseSize) & baseSize is 3
1 : size : 3
2 : size : 3
3 : size : 3
TwoDArray(int** array, int* sizes, int baseSize) called and execution complete
Contents:
Segmentation fault
siya@LAPTOP-LAAA4T1H:/mnt/c/Users/siyam/OneDrive/Desktop/p4$ make
g++ -c -std=c++98 TwoDArray.cpp
g++ -g -std=c++98 main.o TwoDArray.o  -o main
siya@LAPTOP-LAAA4T1H:/mnt/c/Users/siyam/OneDrive/Desktop/p4$ ./main
About to implement Phase 1 Run Test:
Phase 1 : about to start the runTest
Phase 1 : about to call the constructor
TwoDArray(int** array, int* sizes, int baseSize) & baseSize is 3
1 : size : 3
2 : size : 3
3 : size : 3
TwoDArray(int** array, int* sizes, int baseSize) called and execution complete
Contents:
Segmentation fault
siya@LAPTOP-LAAA4T1H:/mnt/c/Users/siyam/OneDrive/Desktop/p4$ make
g++ -c -std=c++98 TwoDArray.cpp
,.g++ -g -std=c++98 main.o TwoDArray.o  -o main
siya@LAPTOP-LAAA4T1H:/mnt/c/Users/siyam/OneDrive/Desktop/p4$ ./main
About to implement Phase 1 Run Test:
Phase 1 : about to start the runTest
Phase 1 : about to call the constructor
TwoDArray(int** array, int* sizes, int baseSize) & baseSize is 3
1 : size : 3
2 : size : 3
3 : size : 3
TwoDArray(int** array, int* sizes, int baseSize) called and execution complete
Contents:
Segmentation fault
siya@LAPTOP-LAAA4T1H:/mnt/c/Users/siyam/OneDrive/Desktop/p4$ make
g++ -c -std=c++98 TwoDArray.cpp
TwoDArray.cpp: In member function ‘TwoDArray::operator int**()’:
TwoDArray.cpp:106:1: warning: no return statement in function returning non-void [-Wreturn-type]
  106 | }
      | ^
g++ -g -std=c++98 main.o TwoDArray.o  -o main
siya@LAPTOP-LAAA4T1H:/mnt/c/Users/siyam/OneDrive/Desktop/p4$ ./main
About to implement Phase 1 Run Test:
Phase 1 : about to start the runTest
Phase 1 : about to call the constructor
TwoDArray(int** array, int* sizes, int baseSize) & baseSize is 3
1 : size : 3
2 : size : 3
3 : size : 3
TwoDArray(int** array, int* sizes, int baseSize) called and execution complete
Contents:
Segmentation fault
siya@LAPTOP-LAAA4T1H:/mnt/c/Users/siyam/OneDrive/Desktop/p4$ make'
> make
>
> ./main
> ^C
siya@LAPTOP-LAAA4T1H:/mnt/c/Users/siyam/OneDrive/Desktop/p4$ make
g++ -c -std=c++98 TwoDArray.cpp
g++ -g -std=c++98 main.o TwoDArray.o  -o main
siya@LAPTOP-LAAA4T1H:/mnt/c/Users/siyam/OneDrive/Desktop/p4$ make'
make

./main
> ^C
siya@LAPTOP-LAAA4T1H:/mnt/c/Users/siyam/OneDrive/Desktop/p4$ make
make: 'main' is up to date.
siya@LAPTOP-LAAA4T1H:/mnt/c/Users/siyam/OneDrive/Desktop/p4$ ./main
About to implement Phase 1 Run Test:
Phase 1 : about to start the runTest
Phase 1 : about to call the constructor
TwoDArray(int** array, int* sizes, int baseSize) & baseSize is 3
1 : size : 3
2 : size : 3
3 : size : 3
TwoDArray(int** array, int* sizes, int baseSize) called and execution complete
Contents:
Segmentation fault
siya@LAPTOP-LAAA4T1H:/mnt/c/Users/siyam/OneDrive/Desktop/p4$ make
make: 'main' is up to date.
siya@LAPTOP-LAAA4T1H:/mnt/c/Users/siyam/OneDrive/Desktop/p4$ ./main
About to implement Phase 1 Run Test:
Phase 1 : about to start the runTest
Phase 1 : about to call the constructor
TwoDArray(int** array, int* sizes, int baseSize) & baseSize is 3
1 : size : 3
2 : size : 3
3 : size : 3
TwoDArray(int** array, int* sizes, int baseSize) called and execution complete
Contents:
Segmentation fault
siya@LAPTOP-LAAA4T1H:/mnt/c/Users/siyam/OneDrive/Desktop/p4$ make
g++ -c -std=c++98 TwoDArray.cpp
g++ -g -std=c++98 main.o TwoDArray.o  -o main
siya@LAPTOP-LAAA4T1H:/mnt/c/Users/siyam/OneDrive/Desktop/p4$ ./main
About to implement Phase 1 Run Test:
Phase 1 : about to start the runTest
Phase 1 : about to call the constructor
TwoDArray(int** array, int* sizes, int baseSize) & baseSize is 3
1 : size : 3
2 : size : 3
3 : size : 3
TwoDArray(int** array, int* sizes, int baseSize) called and execution complete
Contents:
Segmentation fault
siya@LAPTOP-LAAA4T1H:/mnt/c/Users/siyam/OneDrive/Desktop/p4$ make
g++ -c -std=c++98 TwoDArray.cpp
g++ -g -std=c++98 main.o TwoDArray.o  -o main
siya@LAPTOP-LAAA4T1H:/mnt/c/Users/siyam/OneDrive/Desktop/p4$ ./main
About to implement Phase 1 Run Test:
Phase 1 : about to start the runTest
Phase 1 : about to call the constructor
TwoDArray(int** array, int* sizes, int baseSize) & baseSize is 3
1 : size : 3
2 : size : 3
3 : size : 3
TwoDArray(int** array, int* sizes, int baseSize) called and execution complete
Contents:
Segmentation fault
siya@LAPTOP-LAAA4T1H:/mnt/c/Users/siyam/OneDrive/Desktop/p4$ make
make: 'main' is up to date.
siya@LAPTOP-LAAA4T1H:/mnt/c/Users/siyam/OneDrive/Desktop/p4$ make
g++    -c -o main.o main.cpp
In file included from main.cpp:7:
Task1.cpp: In function ‘void Phase1::runTest()’:
Task1.cpp:42:45: error: ‘int** TwoDArray::getArray()’ is protected within this context
   42 |  int** TestGetterDoublePt = tester.getArray();
      |                                             ^
In file included from main.cpp:6:
TwoDArray.h:18:7: note: declared protected here
   18 | int** getArray();
      |       ^~~~~~~~
In file included from main.cpp:7:
Task1.cpp:44:44: error: ‘int* TwoDArray::getSizes()’ is protected within this context
   44 |  int* TestGetterSinglePt = tester.getSizes();
      |                                            ^
In file included from main.cpp:6:
TwoDArray.h:19:6: note: declared protected here
   19 | int* getSizes();
      |      ^~~~~~~~
make: *** [<builtin>: main.o] Error 1
siya@LAPTOP-LAAA4T1H:/mnt/c/Users/siyam/OneDrive/Desktop/p4$ make
g++    -c -o main.o main.cpp
g++ -c -std=c++98 TwoDArray.cpp
g++ -g -std=c++98 main.o TwoDArray.o  -o main
siya@LAPTOP-LAAA4T1H:/mnt/c/Users/siyam/OneDrive/Desktop/p4$ ./main
About to implement Phase 1 Run Test:
TwoDArray(int** array, int* sizes, int baseSize) & baseSize is 3
1 : size : 3
2 : size : 3
3 : size : 3
TwoDArray(int** array, int* sizes, int baseSize) called and execution complete
Testing getter functions
========================================================================
Contents:
Segmentation fault
siya@LAPTOP-LAAA4T1H:/mnt/c/Users/siyam/OneDrive/Desktop/p4$ make
g++ -c -std=c++98 TwoDArray.cpp
TwoDArray.cpp: In constructor ‘TwoDArray::TwoDArray(int**, int*, int)’:
TwoDArray.cpp:28:29: error: cannot convert ‘TwoDArray::getArray’ from type ‘int** (TwoDArray::)()’ to type ‘int**’
   28 | int ** TestGetterDoublePt = getArray;
      |                             ^~~~~~~~
make: *** [makefile:11: TwoDArray.o] Error 1
siya@LAPTOP-LAAA4T1H:/mnt/c/Users/siyam/OneDrive/Desktop/p4$ make
g++ -c -std=c++98 TwoDArray.cpp
g++ -g -std=c++98 main.o TwoDArray.o  -o main
siya@LAPTOP-LAAA4T1H:/mnt/c/Users/siyam/OneDrive/Desktop/p4$ ./main
About to implement Phase 1 Run Test:
TwoDArray(int** array, int* sizes, int baseSize) & baseSize is 3
1 : size : 3
2 : size : 3
3 : size : 3
TwoDArray(int** array, int* sizes, int baseSize) called and execution complete
Testing the getter functions
etting the array
Segmentation fault
siya@LAPTOP-LAAA4T1H:/mnt/c/Users/siyam/OneDrive/Desktop/p4$ make
g++ -c -std=c++98 TwoDArray.cpp
g++ -g -std=c++98 main.o TwoDArray.o  -o main
./msiya@LAPTOP-LAAA4T1H:/mnt/c/Users/siyam/OneDrive/Desktop/p4$ ./main
About to implement Phase 1 Run Test:
TwoDArray(int** array, int* sizes, int baseSize) & baseSize is 3
1 : size : 3
2 : size : 3
3 : size : 3
TwoDArray(int** array, int* sizes, int baseSize) called and execution complete
Testing the getter functions
getting the array
Created the array arrayCopy
Segmentation fault
siya@LAPTOP-LAAA4T1H:/mnt/c/Users/siyam/OneDrive/Desktop/p4$ make
g++ -c -std=c++98 TwoDArray.cpp
g++ -g -std=c++98 main.o TwoDArray.o  -o main
./siya@LAPTOP-LAAA4T1H:/mnt/c/Users/siyam/OneDrive/Desktop/p4$ ./main
About to implement Phase 1 Run Test:
TwoDArray(int** array, int* sizes, int baseSize) & baseSize is 3
1 : size : 3
2 : size : 3
3 : size : 3
TwoDArray(int** array, int* sizes, int baseSize) called and execution complete
Testing the getter functions
getting the array
Created the array arrayCopy
Segmentation fault
siya@LAPTOP-LAAA4T1H:/mnt/c/Users/siyam/OneDrive/Desktop/p4$ make
g++ -c -std=c++98 TwoDArray.cpp
g++ -g -std=c++98 main.o TwoDArray.o  -o main
^[[A^[[Asiya@LAPTOP-LAAA4T1H:/mnt/c/Users/siyam/OneDrive/Desktop/p4$ ./main
About to implement Phase 1 Run Test:
TwoDArray(int** array, int* sizes, int baseSize) & baseSize is 3
1 : size : 3
2 : size : 3
3 : size : 3
TwoDArray(int** array, int* sizes, int baseSize) called and execution complete
Testing the getter functions
getting the array
Created the array arrayCopy
Segmentation fault
siya@LAPTOP-LAAA4T1H:/mnt/c/Users/siyam/OneDrive/Desktop/p4$ make
g++ -c -std=c++98 TwoDArray.cpp
g++ -g -std=c++98 main.o TwoDArray.o  -o main
siya@LAPTOP-LAAA4T1H:/mnt/c/Users/siyam/OneDrive/Desktop/p4$ ./main
About to implement Phase 1 Run Test:
TwoDArray(int** array, int* sizes, int baseSize) & baseSize is 3
1 : size : 3
2 : size : 3
3 : size : 3
TwoDArray(int** array, int* sizes, int baseSize) called and execution complete
Testing the getter functions
Created the array arrayCopy
0 getting the array
Segmentation fault
siya@LAPTOP-LAAA4T1H:/mnt/c/Users/siyam/OneDrive/Desktop/p4$ main
./
Command 'main' not found, did you mean:

  command 'man' from deb man-db (2.9.1-1)
  command 'maim' from deb maim (5.5.3-1build1)
  command 'amin' from deb orville-write (2.55-3build1)
  command 'mail' from deb mailutils (1:3.7-2.1)
  command 'rain' from deb bsdgames (2.17-28build1)

Try: sudo apt install <deb name>

siya@LAPTOP-LAAA4T1H:/mnt/c/Users/siyam/OneDrive/Desktop/p4$ make
g++ -c -std=c++98 TwoDArray.cpp
.,g++ -g -std=c++98 main.o TwoDArray.o  -o main
/siya@LAPTOP-LAAA4T1H:/mnt/c/Users/siyam/OneDrive/Desktop/p4$ ./main
About to implement Phase 1 Run Test:
TwoDArray(int** array, int* sizes, int baseSize) & baseSize is 3
1 : size : 3
2 : size : 3
3 : size : 3
TwoDArray(int** array, int* sizes, int baseSize) called and execution complete
Testing the getter functions
Created the array arrayCopy
0 getting the array
Segmentation fault
siya@LAPTOP-LAAA4T1H:/mnt/c/Users/siyam/OneDrive/Desktop/p4$ make
g++ -c -std=c++98 TwoDArray.cpp
g++ -g -std=c++98 main.o TwoDArray.o  -o main
siya@LAPTOP-LAAA4T1H:/mnt/c/Users/siyam/OneDrive/Desktop/p4$ ./main
About to implement Phase 1 Run Test:
TwoDArray(int** array, int* sizes, int baseSize) & baseSize is 3
1 : size : 3
2 : size : 3
3 : size : 3
TwoDArray(int** array, int* sizes, int baseSize) called and execution complete
Testing the getter functions
Created the array arrayCopy
0 getting the array
Segmentation fault
siya@LAPTOP-LAAA4T1H:/mnt/c/Users/siyam/OneDrive/Desktop/p4$ make
g++ -c -std=c++98 TwoDArray.cpp
g++ -g -std=c++98 main.o TwoDArray.o  -o main
./siya@LAPTOP-LAAA4T1H:/mnt/c/Users/siyam/OneDrive/Desktop/p4$ ./main
About to implement Phase 1 Run Test:
TwoDArray(int** array, int* sizes, int baseSize) & baseSize is 3
1 : size : 3
2 : size : 3
3 : size : 3
TwoDArray(int** array, int* sizes, int baseSize) called and execution complete
Testing the getter functions
Created the array arrayCopy
0 getting the array
Segmentation fault
siya@LAPTOP-LAAA4T1H:/mnt/c/Users/siyam/OneDrive/Desktop/p4$ make
g++ -c -std=c++98 TwoDArray.cpp
g++ -g -std=c++98 main.o TwoDArray.o  -o main
./siya@LAPTOP-LAAA4T1H:/mnt/c/Users/siyam/OneDrive/Desktop/p4$ ./main
About to implement Phase 1 Run Test:
TwoDArray(int** array, int* sizes, int baseSize) & baseSize is 3
1 : size : 3
2 : size : 3
3 : size : 3
TwoDArray(int** array, int* sizes, int baseSize) called and execution complete
Testing the getter functions
Created the array arrayCopy
0 getting the array
Segmentation fault
siya@LAPTOP-LAAA4T1H:/mnt/c/Users/siyam/OneDrive/Desktop/p4$ make
g++ -c -std=c++98 TwoDArray.cpp
.g++ -g -std=c++98 main.o TwoDArray.o  -o main
/amisiya@LAPTOP-LAAA4T1H:/mnt/c/Users/siyam/OneDrive/Desktop/p4$ ./amin
-bash: ./amin: No such file or directory
siya@LAPTOP-LAAA4T1H:/mnt/c/Users/siyam/OneDrive/Desktop/p4$ ./main
About to implement Phase 1 Run Test:
TwoDArray(int** array, int* sizes, int baseSize) & baseSize is 3
1 : size : 3
2 : size : 3
3 : size : 3
TwoDArray(int** array, int* sizes, int baseSize) called and execution complete
Testing the getter functions
Created the array arrayCopy
0 getting the array
0121 getting the array
0122 getting the array
012int** TwoDArray::getArray() called
0Testing getter functions
========================================================================
Contents:
Segmentation fault
siya@LAPTOP-LAAA4T1H:/mnt/c/Users/siyam/OneDrive/Desktop/p4$ make
g++ -c -std=c++98 TwoDArray.cpp
TwoDArray.cpp: In member function ‘int** TwoDArray::getArray()’:
TwoDArray.cpp:72:9: error: ‘td’ has not been declared
   72 |         td::cout << i << " x " << k << "\n";
      |         ^~
make: *** [makefile:11: TwoDArray.o] Error 1
siya@LAPTOP-LAAA4T1H:/mnt/c/Users/siyam/OneDrive/Desktop/p4$ make
g++ -c -std=c++98 TwoDArray.cpp
,./g++ -g -std=c++98 main.o TwoDArray.o  -o main
siya@LAPTOP-LAAA4T1H:/mnt/c/Users/siyam/OneDrive/Desktop/p4$ ./main
About to implement Phase 1 Run Test:
TwoDArray(int** array, int* sizes, int baseSize) & baseSize is 3
1 : size : 3
2 : size : 3
3 : size : 3
TwoDArray(int** array, int* sizes, int baseSize) called and execution complete
Testing the getter functions
Created the array arrayCopy
0 getting the array
0 x 0
0 x 1
0 x 2
1 getting the array
1 x 0
1 x 1
1 x 2
2 getting the array
2 x 0
2 x 1
2 x 2
int** TwoDArray::getArray() called
0Testing getter functions
========================================================================
Contents:
Segmentation fault
siya@LAPTOP-LAAA4T1H:/mnt/c/Users/siyam/OneDrive/Desktop/p4$ make
g++ -c -std=c++98 TwoDArray.cpp
.g++ -g -std=c++98 main.o TwoDArray.o  -o main
siya@LAPTOP-LAAA4T1H:/mnt/c/Users/siyam/OneDrive/Desktop/p4$ ./make
-bash: ./make: No such file or directory
siya@LAPTOP-LAAA4T1H:/mnt/c/Users/siyam/OneDrive/Desktop/p4$ ./main
About to implement Phase 1 Run Test:
TwoDArray(int** array, int* sizes, int baseSize) & baseSize is 3
1 : size : 3
2 : size : 3
3 : size : 3
TwoDArray(int** array, int* sizes, int baseSize) called and execution complete
Testing the getter functions
Created the array arrayCopy
0 getting the array
0 x 0
0 x 1
0 x 2
1 getting the array
1 x 0
1 x 1
1 x 2
2 getting the array
2 x 0
2 x 1
2 x 2
int** TwoDArray::getArray() called
0Testing getter functions
========================================================================
Contents:
Segmentation fault
siya@LAPTOP-LAAA4T1H:/mnt/c/Users/siyam/OneDrive/Desktop/p4$ make
g++ -c -std=c++98 TwoDArray.cpp
g++ -g -std=c++98 main.o TwoDArray.o  -o main
siya@LAPTOP-LAAA4T1H:/mnt/c/Users/siyam/OneDrive/Desktop/p4$ ./main
About to implement Phase 1 Run Test:
TwoDArray(int** array, int* sizes, int baseSize) & baseSize is 3
1 : size : 3
2 : size : 3
3 : size : 3
TwoDArray(int** array, int* sizes, int baseSize) called and execution complete
Testing the getter functions
Created the array arrayCopy
0 getting the array
0 x 0
0 x 1
0 x 2
1 getting the array
1 x 0
1 x 1
1 x 2
2 getting the array
2 x 0
2 x 1
2 x 2
int** TwoDArray::getArray() called
TestGetterDoublePt[2][1] : 0
Testing getter functions
========================================================================
Contents:
Segmentation fault
siya@LAPTOP-LAAA4T1H:/mnt/c/Users/siyam/OneDrive/Desktop/p4$ make
g++ -c -std=c++98 TwoDArray.cpp
.g++ -g -std=c++98 main.o TwoDArray.o  -o main
/siya@LAPTOP-LAAA4T1H:/mnt/c/Users/siyam/OneDrive/Desktop/p4$ ./main
About to implement Phase 1 Run Test:
TwoDArray(int** array, int* sizes, int baseSize) & baseSize is 3
1 : size : 3
2 : size : 3
3 : size : 3
TwoDArray(int** array, int* sizes, int baseSize) called and execution complete
Testing the getter functions
Created the array arrayCopy
0 getting the array
0 x 0
Segmentation fault
siya@LAPTOP-LAAA4T1H:/mnt/c/Users/siyam/OneDrive/Desktop/p4$ make
g++ -c -std=c++98 TwoDArray.cpp
g++ -g -std=c++98 main.o TwoDArray.o  -o main
siya@LAPTOP-LAAA4T1H:/mnt/c/Users/siyam/OneDrive/Desktop/p4$ ./main
About to implement Phase 1 Run Test:
TwoDArray(int** array, int* sizes, int baseSize) & baseSize is 3
1 : size : 3
2 : size : 3
3 : size : 3
TwoDArray(int** array, int* sizes, int baseSize) called and execution complete
Testing the getter functions
Created the array arrayCopy
0 getting the array
0 x 0
Segmentation fault
siya@LAPTOP-LAAA4T1H:/mnt/c/Users/siyam/OneDrive/Desktop/p4$ make
g++ -c -std=c++98 TwoDArray.cpp
TwoDArray.cpp: In function ‘std::ostream& operator<<(std::ostream&, TwoDArray&)’:
TwoDArray.cpp:44:21: error: ‘baseSize’ was not declared in this scope
   44 | for (int i = 0; i < baseSize; i++)
      |                     ^~~~~~~~
TwoDArray.cpp:46:25: error: ‘sizes’ was not declared in this scope; did you mean ‘size_t’?
   46 |     for (int k = 0; k < sizes[i]; k++)//cannot say this->sizes since this points to the ostream object that calls the << operator
      |                         ^~~~~
      |                         size_t
make: *** [makefile:11: TwoDArray.o] Error 1
siya@LAPTOP-LAAA4T1H:/mnt/c/Users/siyam/OneDrive/Desktop/p4$ make
g++ -c -std=c++98 TwoDArray.cpp
g++ -g -std=c++98 main.o TwoDArray.o  -o main
siya@LAPTOP-LAAA4T1H:/mnt/c/Users/siyam/OneDrive/Desktop/p4$ ./main
About to implement Phase 1 Run Test:
TwoDArray(int** array, int* sizes, int baseSize) & baseSize is 3
1 : size : 3
2 : size : 3
3 : size : 3
TwoDArray(int** array, int* sizes, int baseSize) called and execution complete
Testing the getter functions
Created the array arrayCopy
0 getting the array
0 x 0
Segmentation fault
siya@LAPTOP-LAAA4T1H:/mnt/c/Users/siyam/OneDrive/Desktop/p4$ make
g++ -c -std=c++98 TwoDArray.cpp
g++ -g -std=c++98 main.o TwoDArray.o  -o main
./,asiya@LAPTOP-LAAA4T1H:/mnt/c/Users/siyam/OneDrive/Desktop/p4$ ./main
About to implement Phase 1 Run Test:
TwoDArray(int** array, int* sizes, int baseSize) & baseSize is 3
1 : size : 3
2 : size : 3
3 : size : 3
TwoDArray(int** array, int* sizes, int baseSize) called and execution complete
Testing the getter functions
Created the array arrayCopy
0 getting the array
0 x 0
Segmentation fault
siya@LAPTOP-LAAA4T1H:/mnt/c/Users/siyam/OneDrive/Desktop/p4$ make
g++ -c -std=c++98 TwoDArray.cpp
g++ -g -std=c++98 main.o TwoDArray.o  -o main
siya@LAPTOP-LAAA4T1H:/mnt/c/Users/siyam/OneDrive/Desktop/p4$ ./main
About to implement Phase 1 Run Test:
TwoDArray(int** array, int* sizes, int baseSize) & baseSize is 3
1 : size : 3
2 : size : 3
3 : size : 3
TwoDArray(int** array, int* sizes, int baseSize) called and execution complete
Testing the getter functions
int* TwoDArray::getSizes() called
Created the array arrayCopy
0 getting the array
0 x 0
Segmentation fault
siya@LAPTOP-LAAA4T1H:/mnt/c/Users/siyam/OneDrive/Desktop/p4$ make
g++ -c -std=c++98 TwoDArray.cpp
g++ -g -std=c++98 main.o TwoDArray.o  -o main
siya@LAPTOP-LAAA4T1H:/mnt/c/Users/siyam/OneDrive/Desktop/p4$ ./main
About to implement Phase 1 Run Test:
TwoDArray(int** array, int* sizes, int baseSize) & baseSize is 3
1 : size : 3
2 : size : 3
3 : size : 3
TwoDArray(int** array, int* sizes, int baseSize) called and execution complete
Testing the getter functions
int* TwoDArray::getSizes() called
TestGetterSinglePt[1] : 3
Created the array arrayCopy
0 getting the array
0 x 0
Segmentation fault
siya@LAPTOP-LAAA4T1H:/mnt/c/Users/siyam/OneDrive/Desktop/p4$ make
g++ -c -std=c++98 TwoDArray.cpp
./mainTwoDArray.cpp: In constructor ‘TwoDArray::TwoDArray(int**, int*, int)’:
TwoDArray.cpp:31:39: error: invalid conversion from ‘int’ to ‘int*’ [-fpermissive]
   31 | int * TestGetterStackInt = getBaseSize();
      |                            ~~~~~~~~~~~^~
      |                                       |
      |                                       int
make: *** [makefile:11: TwoDArray.o] Error 1
siya@LAPTOP-LAAA4T1H:/mnt/c/Users/siyam/OneDrive/Desktop/p4$ make
g++ -c -std=c++98 TwoDArray.cpp
g++ -g -std=c++98 main.o TwoDArray.o  -o main
^[[Asiya@LAPTOP-LAAA4T1H:/mnt/c/Users/siyam/OneDrive/Desktop/p4$ ./main
About to implement Phase 1 Run Test:
TwoDArray(int** array, int* sizes, int baseSize) & baseSize is 3
1 : size : 3
2 : size : 3
3 : size : 3
TwoDArray(int** array, int* sizes, int baseSize) called and execution complete
Testing the getter functions
int* TwoDArray::getSizes() called
TestGetterSinglePt[1] : 3
int TwoDArray::getBaseSize() called
Created the array arrayCopy
0 getting the array
0 x 0
Segmentation fault
siya@LAPTOP-LAAA4T1H:/mnt/c/Users/siyam/OneDrive/Desktop/p4$ make
g++ -c -std=c++98 TwoDArray.cpp
g++ -g -std=c++98 main.o TwoDArray.o  -o main
^[[Asiya@LAPTOP-LAAA4T1H:/mnt/c/Users/siyam/OneDrive/Desktop/p4$ ./main
About to implement Phase 1 Run Test:
TwoDArray(int** array, int* sizes, int baseSize) & baseSize is 3
1 : size : 3
2 : size : 3
3 : size : 3
TwoDArray(int** array, int* sizes, int baseSize) called and execution complete
Testing the getter functions
int* TwoDArray::getSizes() called
TestGetterSinglePt[1] : 3
int TwoDArray::getBaseSize() called
TestGetterStackInt : 3
Created the array arrayCopy
0 getting the array
0 x 0
Segmentation fault
siya@LAPTOP-LAAA4T1H:/mnt/c/Users/siyam/OneDrive/Desktop/p4$ make
g++ -c -std=c++98 TwoDArray.cpp
g++ -g -std=c++98 main.o TwoDArray.o  -o main
^[[Asiya@LAPTOP-LAAA4T1H:/mnt/c/Users/siyam/OneDrive/Desktop/p4$ ./main
About to implement Phase 1 Run Test:
TwoDArray(int** array, int* sizes, int baseSize) & baseSize is 3
1 : size : 3
2 : size : 3
3 : size : 3
TwoDArray(int** array, int* sizes, int baseSize) called and execution complete
Testing the getter functions
int* TwoDArray::getSizes() called
TestGetterSinglePt[1] : 3
int TwoDArray::getBaseSize() called
TestGetterStackInt : 3
Created the array arrayCopy
0 getting the array
0 x 0
0x1
0 x 1
0x1
0 x 2
0x1
1 getting the array
1 x 0
0x7fffa8ec8610
1 x 1
0x7fffa8ec8610
1 x 2
0x7fffa8ec8610
2 getting the array
2 x 0
0
2 x 1
0
2 x 2
0
int** TwoDArray::getArray() called
TestGetterDoublePt[2][1] : 0
Testing getter functions
========================================================================
Contents:
Segmentation fault
siya@LAPTOP-LAAA4T1H:/mnt/c/Users/siyam/OneDrive/Desktop/p4$ make
g++ -c -std=c++98 TwoDArray.cpp
g++ -g -std=c++98 main.o TwoDArray.o  -o main
./siya@LAPTOP-LAAA4T1H:/mnt/c/Users/siyam/OneDrive/Desktop/p4$ ./main
About to implement Phase 1 Run Test:
TwoDArray(int** array, int* sizes, int baseSize) & baseSize is 3
1 : size : 3
2 : size : 3
3 : size : 3
TwoDArray(int** array, int* sizes, int baseSize) called and execution complete
Testing the getter functions
int* TwoDArray::getSizes() called
TestGetterSinglePt[1] : 3
int TwoDArray::getBaseSize() called
TestGetterStackInt : 3
Created the array arrayCopy
0 getting the array
0 x 0
0x55f569f7a3c0
0 x 1
0x55f569f7a3c0
0 x 2
0x55f569f7a3c0
1 getting the array
1 x 0
0x55f569f7a3e0
1 x 1
0x55f569f7a3e0
1 x 2
0x55f569f7a3e0
2 getting the array
2 x 0
0x55f569f7a400
2 x 1
0x55f569f7a400
2 x 2
0x55f569f7a400
int** TwoDArray::getArray() called
TestGetterDoublePt[2][1] : 0
Testing getter functions
========================================================================
Contents:
Segmentation fault
siya@LAPTOP-LAAA4T1H:/mnt/c/Users/siyam/OneDrive/Desktop/p4$ make
g++ -c -std=c++98 TwoDArray.cpp
g++ -g -std=c++98 main.o TwoDArray.o  -o main
siya@LAPTOP-LAAA4T1H:/mnt/c/Users/siyam/OneDrive/Desktop/p4$ ./main
About to implement Phase 1 Run Test:
TwoDArray(int** array, int* sizes, int baseSize) & baseSize is 3
1 : size : 3
2 : size : 3
3 : size : 3
TwoDArray(int** array, int* sizes, int baseSize) called and execution complete
Testing the getter functions
int* TwoDArray::getSizes() called
TestGetterSinglePt[1] : 3
int TwoDArray::getBaseSize() called
TestGetterStackInt : 3
Created the array arrayCopy
0 getting the array
0 x 0
0
0 x 1
0
0 x 2
0
1 getting the array
1 x 0
0
1 x 1
0
1 x 2
0
2 getting the array
2 x 0
0
2 x 1
0
2 x 2
0
int** TwoDArray::getArray() called
TestGetterDoublePt[2][1] : 0
Testing getter functions
========================================================================
Contents:
Segmentation fault
siya@LAPTOP-LAAA4T1H:/mnt/c/Users/siyam/OneDrive/Desktop/p4$ make
g++ -c -std=c++98 TwoDArray.cpp
g++ -g -std=c++98 main.o TwoDArray.o  -o main
siya@LAPTOP-LAAA4T1H:/mnt/c/Users/siyam/OneDrive/Desktop/p4$ ./main
About to implement Phase 1 Run Test:
TwoDArray(int** array, int* sizes, int baseSize) & baseSize is 3
1 : size : 3
2 : size : 3
3 : size : 3
TwoDArray(int** array, int* sizes, int baseSize) called and execution complete
Testing the getter functions
int* TwoDArray::getSizes() called
TestGetterSinglePt[1] : 3
int TwoDArray::getBaseSize() called
TestGetterStackInt : 3
Created the array arrayCopy
0 getting the array
0 x 0
0
0 x 1
0
0 x 2
0
1 getting the array
1 x 0
0
1 x 1
0
1 x 2
0
2 getting the array
2 x 0
0
2 x 1
0
2 x 2
0
int** TwoDArray::getArray() called
TestGetterDoublePt[2][1] : 0
Testing getter functions
========================================================================
Contents:
0 1 2 0
3 4 5 0
6 7 8 0
operator<<(std::ostream& os, TwoDArray& tda) called

operator int** conversion called
Segmentation fault
siya@LAPTOP-LAAA4T1H:/mnt/c/Users/siyam/OneDrive/Desktop/p4$ make
g++ -c -std=c++98 TwoDArray.cpp
.g++ -g -std=c++98 main.o TwoDArray.o  -o main
/masiya@LAPTOP-LAAA4T1H:/mnt/c/Users/siyam/OneDrive/Desktop/p4$ ./main
About to implement Phase 1 Run Test:
TwoDArray(int** array, int* sizes, int baseSize) & baseSize is 3
1 : size : 3
2 : size : 3
3 : size : 3
TwoDArray(int** array, int* sizes, int baseSize) called and execution complete
Testing the getter functions
int* TwoDArray::getSizes() called
TestGetterSinglePt[1] : 3
int TwoDArray::getBaseSize() called
TestGetterStackInt : 3
Created the array arrayCopy
0 getting the array
0 x 0
0 & 0
0 x 1
0 & 1
0 x 2
0 & 2
1 getting the array
1 x 0
0 & 3
1 x 1
0 & 4
1 x 2
0 & 5
2 getting the array
2 x 0
0 & 6
2 x 1
0 & 7
2 x 2
0 & 8
int** TwoDArray::getArray() called
TestGetterDoublePt[2][1] : 7
Testing getter functions
========================================================================
Contents:
0 1 2 0
3 4 5 0
6 7 8 0
operator<<(std::ostream& os, TwoDArray& tda) called

operator int** conversion called
Segmentation fault
siya@LAPTOP-LAAA4T1H:/mnt/c/Users/siyam/OneDrive/Desktop/p4$ make
g++ -c -std=c++98 TwoDArray.cpp
g++ -g -std=c++98 main.o TwoDArray.o  -o main
./msiya@LAPTOP-LAAA4T1H:/mnt/c/Users/siyam/OneDrive/Desktop/p4$ ./main
About to implement Phase 1 Run Test:
TwoDArray(int** array, int* sizes, int baseSize) & baseSize is 3
1 : size : 3
2 : size : 3
3 : size : 3
TwoDArray(int** array, int* sizes, int baseSize) called and execution complete
Testing the getter functions
int* TwoDArray::getSizes() called
TestGetterSinglePt[1] : 3
int TwoDArray::getBaseSize() called
TestGetterStackInt : 3
Created the array arrayCopy
0 getting the array
0 x 0
0 & 0
0 & 0
0 x 1
0 & 1
1 & 1
0 x 2
0 & 2
2 & 2
1 getting the array
1 x 0
0 & 3
3 & 3
1 x 1
0 & 4
4 & 4
1 x 2
0 & 5
5 & 5
2 getting the array
2 x 0
0 & 6
6 & 6
2 x 1
0 & 7
7 & 7
2 x 2
0 & 8
8 & 8
int** TwoDArray::getArray() called
TestGetterDoublePt[2][1] : 7
Testing getter functions
========================================================================
Contents:
0 1 2 0
3 4 5 0
6 7 8 0
operator<<(std::ostream& os, TwoDArray& tda) called

operator int** conversion called
Segmentation fault
siya@LAPTOP-LAAA4T1H:/mnt/c/Users/siyam/OneDrive/Desktop/p4$ ./main
About to implement Phase 1 Run Test:
TwoDArray(int** array, int* sizes, int baseSize) & baseSize is 3
1 : size : 3
2 : size : 3
3 : size : 3
TwoDArray(int** array, int* sizes, int baseSize) called and execution complete
Testing the getter functions
int* TwoDArray::getSizes() called
TestGetterSinglePt[1] : 3
int TwoDArray::getBaseSize() called
TestGetterStackInt : 3
Created the array arrayCopy
0 getting the array
0 x 0
0 & 0
0 & 0
0 x 1
0 & 1
1 & 1
0 x 2
0 & 2
2 & 2
1 getting the array
1 x 0
0 & 3
3 & 3
1 x 1
0 & 4
4 & 4
1 x 2
0 & 5
5 & 5
2 getting the array
2 x 0
0 & 6
6 & 6
2 x 1
0 & 7
7 & 7
2 x 2
0 & 8
8 & 8
int** TwoDArray::getArray() called
TestGetterDoublePt[2][1] : 7
Testing getter functions
========================================================================
Contents:
0 1 2 0
3 4 5 0
6 7 8 0
operator<<(std::ostream& os, TwoDArray& tda) called

operator int** conversion called
Segmentation fault
siya@LAPTOP-LAAA4T1H:/mnt/c/Users/siyam/OneDrive/Desktop/p4$ make
g++ -c -std=c++98 TwoDArray.cpp
g++ -g -std=c++98 main.o TwoDArray.o  -o main
^[[Asiya@LAPTOP-LAAA4T1H:/mnt/c/Users/siyam/OneDrive/Desktop/p4$ ./main
About to implement Phase 1 Run Test:
TwoDArray(int** array, int* sizes, int baseSize) & baseSize is 3
1 : size : 3
2 : size : 3
3 : size : 3
TwoDArray(int** array, int* sizes, int baseSize) called and execution complete
Testing the getter functions
int* TwoDArray::getSizes() called
TestGetterSinglePt[1] : 3
int TwoDArray::getBaseSize() called
TestGetterStackInt : 3
Created the array arrayCopy
0 getting the array
0 x 0
0 & 0
0 x 1
1 & 1
0 x 2
2 & 2
1 getting the array
1 x 0
3 & 3
1 x 1
4 & 4
1 x 2
5 & 5
2 getting the array
2 x 0
6 & 6
2 x 1
7 & 7
2 x 2
8 & 8
int** TwoDArray::getArray() called
TestGetterDoublePt[2][1] : 7
Testing getter functions
========================================================================
Contents:
0 1 0
3 4 0
6 7 0
operator<<(std::ostream& os, TwoDArray& tda) called

operator int** conversion called
Segmentation fault
siya@LAPTOP-LAAA4T1H:/mnt/c/Users/siyam/OneDrive/Desktop/p4$ make
g++ -c -std=c++98 TwoDArray.cpp
./main
g++ -g -std=c++98 main.o TwoDArray.o  -o main
siya@LAPTOP-LAAA4T1H:/mnt/c/Users/siyam/OneDrive/Desktop/p4$ ./main
About to implement Phase 1 Run Test:
TwoDArray(int** array, int* sizes, int baseSize) & baseSize is 3
1 : size : 3
2 : size : 3
3 : size : 3
TwoDArray(int** array, int* sizes, int baseSize) called and execution complete
Testing the getter functions
int* TwoDArray::getSizes() called
TestGetterSinglePt[1] : 3
int TwoDArray::getBaseSize() called
TestGetterStackInt : 3
Created the array arrayCopy
0 getting the array
0 x 0
0 & 0
0 x 1
1 & 1
0 x 2
2 & 2
1 getting the array
1 x 0
3 & 3
1 x 1
4 & 4
1 x 2
5 & 5
2 getting the array
2 x 0
6 & 6
2 x 1
7 & 7
2 x 2
8 & 8
int** TwoDArray::getArray() called
TestGetterDoublePt[2][1] : 7
Testing getter functions
========================================================================
Contents:
0 1 0
3 4 0
6 7 0
operator<<(std::ostream& os, TwoDArray& tda) called

operator int** conversion called
Segmentation fault
siya@LAPTOP-LAAA4T1H:/mnt/c/Users/siyam/OneDrive/Desktop/p4$ make
g++ -c -std=c++98 TwoDArray.cpp
./g++ -g -std=c++98 main.o TwoDArray.o  -o main
main
siya@LAPTOP-LAAA4T1H:/mnt/c/Users/siyam/OneDrive/Desktop/p4$ ./main
About to implement Phase 1 Run Test:
TwoDArray(int** array, int* sizes, int baseSize) & baseSize is 3
1 : size : 3
2 : size : 3
3 : size : 3
TwoDArray(int** array, int* sizes, int baseSize) called and execution complete
Testing the getter functions
int* TwoDArray::getSizes() called
TestGetterSinglePt[1] : 3
int TwoDArray::getBaseSize() called
TestGetterStackInt : 3
Created the array arrayCopy
0 getting the array
0 x 0
0 & 0
0 x 1
1 & 1
0 x 2
2 & 2
1 getting the array
1 x 0
3 & 3
1 x 1
4 & 4
1 x 2
5 & 5
2 getting the array
2 x 0
6 & 6
2 x 1
7 & 7
2 x 2
8 & 8
int** TwoDArray::getArray() called
TestGetterDoublePt[2][1] : 7
Testing getter functions
========================================================================
Contents:
0 1 3 4 6 7 operator<<(std::ostream& os, TwoDArray& tda) called

operator int** conversion called
Segmentation fault
siya@LAPTOP-LAAA4T1H:/mnt/c/Users/siyam/OneDrive/Desktop/p4$ make
g++ -c -std=c++98 TwoDArray.cpp
g++ -g -std=c++98 main.o TwoDArray.o  -o main
siya@LAPTOP-LAAA4T1H:/mnt/c/Users/siyam/OneDrive/Desktop/p4$ ./main
About to implement Phase 1 Run Test:
TwoDArray(int** array, int* sizes, int baseSize) & baseSize is 3
1 : size : 3
2 : size : 3
3 : size : 3
TwoDArray(int** array, int* sizes, int baseSize) called and execution complete
Testing the getter functions
int* TwoDArray::getSizes() called
TestGetterSinglePt[1] : 3
int TwoDArray::getBaseSize() called
TestGetterStackInt : 3
Created the array arrayCopy
0 getting the array
0 x 0
0 & 0
0 x 1
1 & 1
0 x 2
2 & 2
1 getting the array
1 x 0
3 & 3
1 x 1
4 & 4
1 x 2
5 & 5
2 getting the array
2 x 0
6 & 6
2 x 1
7 & 7
2 x 2
8 & 8
int** TwoDArray::getArray() called
TestGetterDoublePt[2][1] : 7
Testing getter functions
========================================================================
Contents:
0 1 0
3 4 0
6 7 0
operator<<(std::ostream& os, TwoDArray& tda) called

operator int** conversion called
Segmentation fault
siya@LAPTOP-LAAA4T1H:/mnt/c/Users/siyam/OneDrive/Desktop/p4$ main
^Csiya@LAPTOP-LAAA4T1H:/mnt/c/Users/siyam/OneDrive/Desktop/p4$ make
g++ -c -std=c++98 TwoDArray.cpp
g++ -g -std=c++98 main.o TwoDArray.o  -o main
./masiya@LAPTOP-LAAA4T1H:/mnt/c/Users/siyam/OneDrive/Desktop/p4$ ./main
About to implement Phase 1 Run Test:
TwoDArray(int** array, int* sizes, int baseSize) & baseSize is 3
1 : size : 3
2 : size : 3
3 : size : 3
TwoDArray(int** array, int* sizes, int baseSize) called and execution complete
Testing the getter functions
int* TwoDArray::getSizes() called
TestGetterSinglePt[1] : 3
int TwoDArray::getBaseSize() called
TestGetterStackInt : 3
Created the array arrayCopy
0 getting the array
0 x 0
0 & 0
0 x 1
1 & 1
0 x 2
2 & 2
1 getting the array
1 x 0
3 & 3
1 x 1
4 & 4
1 x 2
5 & 5
2 getting the array
2 x 0
6 & 6
2 x 1
7 & 7
2 x 2
8 & 8
int** TwoDArray::getArray() called
TestGetterDoublePt[2][1] : 7
Testing getter functions
========================================================================
Contents:
0 1 0
3 4 0
6 7 0
operator<<(std::ostream& os, TwoDArray& tda) called

operator int** conversion called
Segmentation fault
siya@LAPTOP-LAAA4T1H:/mnt/c/Users/siyam/OneDrive/Desktop/p4$ make
g++ -c -std=c++98 TwoDArray.cpp
g++ -g -std=c++98 main.o TwoDArray.o  -o main
./siya@LAPTOP-LAAA4T1H:/mnt/c/Users/siyam/OneDrive/Desktop/p4$ ./main
About to implement Phase 1 Run Test:
TwoDArray(int** array, int* sizes, int baseSize) & baseSize is 3
1 : size : 3
2 : size : 3
3 : size : 3
TwoDArray(int** array, int* sizes, int baseSize) called and execution complete
Testing the getter functions
int* TwoDArray::getSizes() called
TestGetterSinglePt[1] : 3
int TwoDArray::getBaseSize() called
TestGetterStackInt : 3
Created the array arrayCopy
0 getting the array
0 x 0
0 & 0
0 x 1
1 & 1
0 x 2
2 & 2
1 getting the array
1 x 0
3 & 3
1 x 1
4 & 4
1 x 2
5 & 5
2 getting the array
2 x 0
6 & 6
2 x 1
7 & 7
2 x 2
8 & 8
int** TwoDArray::getArray() called
TestGetterDoublePt[2][1] : 7
Testing getter functions
========================================================================
Contents:
0 1 2
3 4 5
6 7 8
operator<<(std::ostream& os, TwoDArray& tda) called

operator int** conversion called
Segmentation fault
siya@LAPTOP-LAAA4T1H:/mnt/c/Users/siyam/OneDrive/Desktop/p4$ make
g++ -c -std=c++98 TwoDArray.cpp
.g++ -g -std=c++98 main.o TwoDArray.o  -o main
/siya@LAPTOP-LAAA4T1H:/mnt/c/Users/siyam/OneDrive/Desktop/p4$ ./main
About to implement Phase 1 Run Test:
TwoDArray(int** array, int* sizes, int baseSize) & baseSize is 3
1 : size : 3
2 : size : 3
3 : size : 3
TwoDArray(int** array, int* sizes, int baseSize) called and execution complete
Testing the getter functions
int* TwoDArray::getSizes() called
TestGetterSinglePt[1] : 3
int TwoDArray::getBaseSize() called
TestGetterStackInt : 3
Created the array arrayCopy
0 getting the array
0 x 0
0 & 0
0 x 1
1 & 1
0 x 2
2 & 2
1 getting the array
1 x 0
3 & 3
1 x 1
4 & 4
1 x 2
5 & 5
2 getting the array
2 x 0
6 & 6
2 x 1
7 & 7
2 x 2
8 & 8
int** TwoDArray::getArray() called
TestGetterDoublePt[2][1] : 7
Testing getter functions
========================================================================
Contents:
0 1 2
3 4 5
6 7 8
operator<<(std::ostream& os, TwoDArray& tda) called

operator int** conversion called
Segmentation fault
siya@LAPTOP-LAAA4T1H:/mnt/c/Users/siyam/OneDrive/Desktop/p4$ make
g++ -c -std=c++98 TwoDArray.cpp
g++ -g -std=c++98 main.o TwoDArray.o  -o main
./siya@LAPTOP-LAAA4T1H:/mnt/c/Users/siyam/OneDrive/Desktop/p4$ ./main
About to implement Phase 1 Run Test:
TwoDArray(int** array, int* sizes, int baseSize) & baseSize is 3
1 : size : 3
2 : size : 3
3 : size : 3
TwoDArray(int** array, int* sizes, int baseSize) called and execution complete
Testing the getter functions
int* TwoDArray::getSizes() called
TestGetterSinglePt[1] : 3
int TwoDArray::getBaseSize() called
TestGetterStackInt : 3
Created the array arrayCopy
0 getting the array
0 x 0
0 & 0
0 x 1
1 & 1
0 x 2
2 & 2
1 getting the array
1 x 0
3 & 3
1 x 1
4 & 4
1 x 2
5 & 5
2 getting the array
2 x 0
6 & 6
2 x 1
7 & 7
2 x 2
8 & 8
int** TwoDArray::getArray() called
TestGetterDoublePt[2][1] : 7
Testing getter functions
========================================================================
Contents:
0 1 2
3 4 5
6 7 8
operator<<(std::ostream& os, TwoDArray& tda) called

operator int** conversion called
Segmentation fault
siya@LAPTOP-LAAA4T1H:/mnt/c/Users/siyam/OneDrive/Desktop/p4$ make
g++ -c -std=c++98 TwoDArray.cpp
^[[Ag++ -g -std=c++98 main.o TwoDArray.o  -o main
^[[Asiya@LAPTOP-LAAA4T1H:/mnt/c/Users/siyam/OneDrive/Desktop/p4$ ./main
About to implement Phase 1 Run Test:
TwoDArray(int** array, int* sizes, int baseSize) & baseSize is 3
1 : size : 3
2 : size : 3
3 : size : 3
TwoDArray(int** array, int* sizes, int baseSize) called and execution complete
Testing the getter functions
int* TwoDArray::getSizes() called
TestGetterSinglePt[1] : 3
int TwoDArray::getBaseSize() called
TestGetterStackInt : 3
Created the array arrayCopy
0 getting the array
0 x 0
0 & 0
0 x 1
1 & 1
0 x 2
2 & 2
1 getting the array
1 x 0
3 & 3
1 x 1
4 & 4
1 x 2
5 & 5
2 getting the array
2 x 0
6 & 6
2 x 1
7 & 7
2 x 2
8 & 8
int** TwoDArray::getArray() called
TestGetterDoublePt[2][1] : 7
Testing getter functions
========================================================================
Contents:
0 1 2
3 4 5
6 7 8
operator<<(std::ostream& os, TwoDArray& tda) called

operator int** conversion called
Created the array arrayCopy
0 getting the array
0 x 0
0 & 0
0 x 1
1 & 1
0 x 2
2 & 2
1 getting the array
1 x 0
3 & 3
1 x 1
4 & 4
1 x 2
5 & 5
2 getting the array
2 x 0
6 & 6
2 x 1
7 & 7
2 x 2
8 & 8
int** TwoDArray::getArray() called
operator int* () called
Contents of copied array:
0 1 2
3 4 5
6 7 8
~TwoDArray() called
siya@LAPTOP-LAAA4T1H:/mnt/c/Users/siyam/OneDrive/Desktop/p4$ make
make: 'main' is up to date.
siya@LAPTOP-LAAA4T1H:/mnt/c/Users/siyam/OneDrive/Desktop/p4$ ./main
About to implement Phase 1 Run Test:
TwoDArray(int** array, int* sizes, int baseSize) & baseSize is 3
1 : size : 3
2 : size : 3
3 : size : 3
TwoDArray(int** array, int* sizes, int baseSize) called and execution complete
Testing the getter functions
int* TwoDArray::getSizes() called
TestGetterSinglePt[1] : 3
int TwoDArray::getBaseSize() called
TestGetterStackInt : 3
Created the array arrayCopy
0 getting the array
0 x 0
0 & 0
0 x 1
1 & 1
0 x 2
2 & 2
1 getting the array
1 x 0
3 & 3
1 x 1
4 & 4
1 x 2
5 & 5
2 getting the array
2 x 0
6 & 6
2 x 1
7 & 7
2 x 2
8 & 8
int** TwoDArray::getArray() called
TestGetterDoublePt[2][1] : 7
Testing getter functions
========================================================================
Contents:
0 1 2
3 4 5
6 7 8
operator<<(std::ostream& os, TwoDArray& tda) called

operator int** conversion called
Created the array arrayCopy
0 getting the array
0 x 0
0 & 0
0 x 1
1 & 1
0 x 2
2 & 2
1 getting the array
1 x 0
3 & 3
1 x 1
4 & 4
1 x 2
5 & 5
2 getting the array
2 x 0
6 & 6
2 x 1
7 & 7
2 x 2
8 & 8
int** TwoDArray::getArray() called
operator int* () called
Contents of copied array:
0 1 2
3 4 5
6 7 8
~TwoDArray() called
siya@LAPTOP-LAAA4T1H:/mnt/c/Users/siyam/OneDrive/Desktop/p4$ make
g++ -c -std=c++98 TwoDArray.cpp
./maing++ -g -std=c++98 main.o TwoDArray.o  -o main

siya@LAPTOP-LAAA4T1H:/mnt/c/Users/siyam/OneDrive/Desktop/p4$ ./main
About to implement Phase 1 Run Test:
TwoDArray(int** array, int* sizes, int baseSize) & baseSize is 3
1 : size : 3
2 : size : 3
3 : size : 3
TwoDArray(int** array, int* sizes, int baseSize) called and execution complete
Testing the getter functions
int* TwoDArray::getSizes() called
TestGetterSinglePt[1] : 3
int TwoDArray::getBaseSize() called
TestGetterStackInt : 3
Created the array arrayCopy
0 getting the array
0 x 0
0 & 0
0 x 1
1 & 1
0 x 2
2 & 2
1 getting the array
1 x 0
3 & 3
1 x 1
4 & 4
1 x 2
5 & 5
2 getting the array
2 x 0
6 & 6
2 x 1
7 & 7
2 x 2
8 & 8
int** TwoDArray::getArray() called
TestGetterDoublePt[2][1] : 7
Testing getter functions
========================================================================
Contents:
0 1 2
3 4 5
6 7 8
operator<<(std::ostream& os, TwoDArray& tda) called

operator int** conversion called
Created the array arrayCopy
0 getting the array
0 x 0
0 & 0
0 x 1
1 & 1
0 x 2
2 & 2
1 getting the array
1 x 0
3 & 3
1 x 1
4 & 4
1 x 2
5 & 5
2 getting the array
2 x 0
6 & 6
2 x 1
7 & 7
2 x 2
8 & 8
int** TwoDArray::getArray() called
operator int* () called
Contents of copied array:
0 1 2
3 4 5
6 7 8
~TwoDArray() called
siya@LAPTOP-LAAA4T1H:/mnt/c/Users/siyam/OneDrive/Desktop/p4$ make
make: 'main' is up to date.
siya@LAPTOP-LAAA4T1H:/mnt/c/Users/siyam/OneDrive/Desktop/p4$ ./main
About to implement Phase 1 Run Test:
TwoDArray(int** array, int* sizes, int baseSize) & baseSize is 3
1 : size : 3
2 : size : 3
3 : size : 3
TwoDArray(int** array, int* sizes, int baseSize) called and execution complete
Testing the getter functions
int* TwoDArray::getSizes() called
TestGetterSinglePt[1] : 3
int TwoDArray::getBaseSize() called
TestGetterStackInt : 3
Created the array arrayCopy
0 getting the array
0 x 0
0 & 0
0 x 1
1 & 1
0 x 2
2 & 2
1 getting the array
1 x 0
3 & 3
1 x 1
4 & 4
1 x 2
5 & 5
2 getting the array
2 x 0
6 & 6
2 x 1
7 & 7
2 x 2
8 & 8
int** TwoDArray::getArray() called
TestGetterDoublePt[2][1] : 7
Testing getter functions
========================================================================
Contents:
0 1 2
3 4 5
6 7 8
operator<<(std::ostream& os, TwoDArray& tda) called

operator int** conversion called
Created the array arrayCopy
0 getting the array
0 x 0
0 & 0
0 x 1
1 & 1
0 x 2
2 & 2
1 getting the array
1 x 0
3 & 3
1 x 1
4 & 4
1 x 2
5 & 5
2 getting the array
2 x 0
6 & 6
2 x 1
7 & 7
2 x 2
8 & 8
int** TwoDArray::getArray() called
operator int* () called
Contents of copied array:
0 1 2
3 4 5
6 7 8
~TwoDArray() called
siya@LAPTOP-LAAA4T1H:/mnt/c/Users/siyam/OneDrive/Desktop/p4$ make
g++    -c -o main.o main.cpp
./main
g++ -g -std=c++98 main.o TwoDArray.o  -o main
siya@LAPTOP-LAAA4T1H:/mnt/c/Users/siyam/OneDrive/Desktop/p4$ ./main
TwoDArray(int** array, int* sizes, int baseSize) & baseSize is 3
Segmentation fault
siya@LAPTOP-LAAA4T1H:/mnt/c/Users/siyam/OneDrive/Desktop/p4$ make
make: 'main' is up to date.
siya@LAPTOP-LAAA4T1H:/mnt/c/Users/siyam/OneDrive/Desktop/p4$ ./main
TwoDArray(int** array, int* sizes, int baseSize) & baseSize is 3
Segmentation fault
siya@LAPTOP-LAAA4T1H:/mnt/c/Users/siyam/OneDrive/Desktop/p4$ make
make: 'main' is up to date.
siya@LAPTOP-LAAA4T1H:/mnt/c/Users/siyam/OneDrive/Desktop/p4$ ./main
TwoDArray(int** array, int* sizes, int baseSize) & baseSize is 3
Segmentation fault
siya@LAPTOP-LAAA4T1H:/mnt/c/Users/siyam/OneDrive/Desktop/p4$ make
g++ -c -std=c++98 TwoDArray.cpp
TwoDArray.cpp: In member function ‘TwoDArray::operator int*()’:
TwoDArray.cpp:132:1: error: ‘k’ was not declared in this scope
  132 | k
      | ^
TwoDArray.cpp:135:5: error: ‘arrayCopy’ was not declared in this scope
  135 |     arrayCopy[i] = sizes[i];
      |     ^~~~~~~~~
TwoDArray.cpp:139:8: error: ‘arrayCopy’ was not declared in this scope
  139 | return arrayCopy;
      |        ^~~~~~~~~
make: *** [makefile:11: TwoDArray.o] Error 1
siya@LAPTOP-LAAA4T1H:/mnt/c/Users/siyam/OneDrive/Desktop/p4$ make
g++ -c -std=c++98 TwoDArray.cpp
g++ -g -std=c++98 main.o TwoDArray.o  -o main
siya@LAPTOP-LAAA4T1H:/mnt/c/Users/siyam/OneDrive/Desktop/p4$ ./main
TwoDArray(int** array, int* sizes, int baseSize) & baseSize is 3
Segmentation fault
siya@LAPTOP-LAAA4T1H:/mnt/c/Users/siyam/OneDrive/Desktop/p4$ make
g++ -c -std=c++98 TwoDArray.cpp
g++ -g -std=c++98 main.o TwoDArray.o  -o main
./masiya@LAPTOP-LAAA4T1H:/mnt/c/Users/siyam/OneDrive/Desktop/p4$ ./main
TwoDArray(int** array, int* sizes, int baseSize) & baseSize is 3
0 of 3
Segmentation fault
siya@LAPTOP-LAAA4T1H:/mnt/c/Users/siyam/OneDrive/Desktop/p4$ make
g++ -c -std=c++98 TwoDArray.cpp
./mg++ -g -std=c++98 main.o TwoDArray.o  -o main
isiya@LAPTOP-LAAA4T1H:/mnt/c/Users/siyam/OneDrive/Desktop/p4$ ./main
TwoDArray(int** array, int* sizes, int baseSize) & baseSize is 3
0 of 3
Segmentation fault
siya@LAPTOP-LAAA4T1H:/mnt/c/Users/siyam/OneDrive/Desktop/p4$ make
g++    -c -o main.o main.cpp
./main
g++ -c -std=c++98 TwoDArray.cpp
TwoDArray.cpp: In constructor ‘TwoDArray::TwoDArray(int**, int*, int)’:
TwoDArray.cpp:17:80: error: expected ‘;’ before string constant
   17 |     std::cout << "Array Element " <<i << " with new array of size " << sizes[i] " is being created now\n";
      |                                                                                ^~~~~~~~~~~~~~~~~~~~~~~~~~
      |                                                                                ;
make: *** [makefile:11: TwoDArray.o] Error 1
siya@LAPTOP-LAAA4T1H:/mnt/c/Users/siyam/OneDrive/Desktop/p4$ ./main
TwoDArray(int** array, int* sizes, int baseSize) & baseSize is 3
0 of 3
Segmentation fault
siya@LAPTOP-LAAA4T1H:/mnt/c/Users/siyam/OneDrive/Desktop/p4$ make
g++ -c -std=c++98 TwoDArray.cpp
.g++ -g -std=c++98 main.o TwoDArray.o  -o main
/mainsiya@LAPTOP-LAAA4T1H:/mnt/c/Users/siyam/OneDrive/Desktop/p4$ ./main
About to implement Phase 1 Run Test:
TwoDArray(int** array, int* sizes, int baseSize) & baseSize is 3
0 of 3
Array Element 0 with new array of size 3 is being created now
1 : size : 3
1 of 3
Array Element 1 with new array of size 3 is being created now
2 : size : 3
2 of 3
Array Element 2 with new array of size 3 is being created now
3 : size : 3
TwoDArray(int** array, int* sizes, int baseSize) called and execution complete
Testing the getter functions
int* TwoDArray::getSizes() called
TestGetterSinglePt[1] : 3
int TwoDArray::getBaseSize() called
TestGetterStackInt : 3
Created the array arrayCopy
0 getting the array
0 x 0
0 & 0
0 x 1
1 & 1
0 x 2
2 & 2
1 getting the array
1 x 0
3 & 3
1 x 1
4 & 4
1 x 2
5 & 5
2 getting the array
2 x 0
6 & 6
2 x 1
7 & 7
2 x 2
8 & 8
int** TwoDArray::getArray() called
TestGetterDoublePt[2][1] : 7
Contents:
0 1 2
3 4 5
6 7 8
operator<<(std::ostream& os, TwoDArray& tda) called

operator int** conversion called
Created the array arrayCopy
0 getting the array
0 x 0
0 & 0
0 x 1
1 & 1
0 x 2
2 & 2
1 getting the array
1 x 0
3 & 3
1 x 1
4 & 4
1 x 2
5 & 5
2 getting the array
2 x 0
6 & 6
2 x 1
7 & 7
2 x 2
8 & 8
int** TwoDArray::getArray() called
operator int* () called
========================================================================
Contents of copied array:
0 1 2
3 4 5
6 7 8
~TwoDArray() called
About to implement Phase 1 Run Test:
siya@LAPTOP-LAAA4T1H:/mnt/c/Users/siyam/OneDrive/Desktop/p4$ make
make: 'main' is up to date.
siya@LAPTOP-LAAA4T1H:/mnt/c/Users/siyam/OneDrive/Desktop/p4$ ./main
About to implement Phase 1 Run Test:
TwoDArray(int** array, int* sizes, int baseSize) & baseSize is 3
0 of 3
Array Element 0 with new array of size 3 is being created now
1 : size : 3
1 of 3
Array Element 1 with new array of size 3 is being created now
2 : size : 3
2 of 3
Array Element 2 with new array of size 3 is being created now
3 : size : 3
TwoDArray(int** array, int* sizes, int baseSize) called and execution complete
Testing the getter functions
int* TwoDArray::getSizes() called
TestGetterSinglePt[1] : 3
int TwoDArray::getBaseSize() called
TestGetterStackInt : 3
Created the array arrayCopy
0 getting the array
0 x 0
0 & 0
0 x 1
1 & 1
0 x 2
2 & 2
1 getting the array
1 x 0
3 & 3
1 x 1
4 & 4
1 x 2
5 & 5
2 getting the array
2 x 0
6 & 6
2 x 1
7 & 7
2 x 2
8 & 8
int** TwoDArray::getArray() called
TestGetterDoublePt[2][1] : 7
Contents:
0 1 2
3 4 5
6 7 8
operator<<(std::ostream& os, TwoDArray& tda) called

operator int** conversion called
Created the array arrayCopy
0 getting the array
0 x 0
0 & 0
0 x 1
1 & 1
0 x 2
2 & 2
1 getting the array
1 x 0
3 & 3
1 x 1
4 & 4
1 x 2
5 & 5
2 getting the array
2 x 0
6 & 6
2 x 1
7 & 7
2 x 2
8 & 8
int** TwoDArray::getArray() called
operator int* () called
========================================================================
Contents of copied array:
0 1 2
3 4 5
6 7 8
~TwoDArray() called
About to implement Phase 1 Run Test:
siya@LAPTOP-LAAA4T1H:/mnt/c/Users/siyam/OneDrive/Desktop/p4$ ./main
About to implement Phase 1 Run Test:
TwoDArray(int** array, int* sizes, int baseSize) & baseSize is 3
0 of 3
Array Element 0 with new array of size 3 is being created now
1 : size : 3
1 of 3
Array Element 1 with new array of size 3 is being created now
2 : size : 3
2 of 3
Array Element 2 with new array of size 3 is being created now
3 : size : 3
TwoDArray(int** array, int* sizes, int baseSize) called and execution complete
Testing the getter functions
int* TwoDArray::getSizes() called
TestGetterSinglePt[1] : 3
int TwoDArray::getBaseSize() called
TestGetterStackInt : 3
Created the array arrayCopy
0 getting the array
0 x 0
0 & 0
0 x 1
1 & 1
0 x 2
2 & 2
1 getting the array
1 x 0
3 & 3
1 x 1
4 & 4
1 x 2
5 & 5
2 getting the array
2 x 0
6 & 6
2 x 1
7 & 7
2 x 2
8 & 8
int** TwoDArray::getArray() called
TestGetterDoublePt[2][1] : 7
Contents:
0 1 2
3 4 5
6 7 8
operator<<(std::ostream& os, TwoDArray& tda) called

operator int** conversion called
Created the array arrayCopy
0 getting the array
0 x 0
0 & 0
0 x 1
1 & 1
0 x 2
2 & 2
1 getting the array
1 x 0
3 & 3
1 x 1
4 & 4
1 x 2
5 & 5
2 getting the array
2 x 0
6 & 6
2 x 1
7 & 7
2 x 2
8 & 8
int** TwoDArray::getArray() called
operator int* () called
========================================================================
Contents of copied array:
0 1 2
3 4 5
6 7 8
~TwoDArray() called
About to implement Phase 1 Run Test:
siya@LAPTOP-LAAA4T1H:/mnt/c/Users/siyam/OneDrive/Desktop/p4$ ./main
About to implement Phase 1 Run Test:
TwoDArray(int** array, int* sizes, int baseSize) & baseSize is 3
0 of 3
Array Element 0 with new array of size 3 is being created now
1 : size : 3
1 of 3
Array Element 1 with new array of size 3 is being created now
2 : size : 3
2 of 3
Array Element 2 with new array of size 3 is being created now
3 : size : 3
TwoDArray(int** array, int* sizes, int baseSize) called and execution complete
Testing the getter functions
int* TwoDArray::getSizes() called
TestGetterSinglePt[1] : 3
int TwoDArray::getBaseSize() called
TestGetterStackInt : 3
Created the array arrayCopy
0 getting the array
0 x 0
0 & 0
0 x 1
1 & 1
0 x 2
2 & 2
1 getting the array
1 x 0
3 & 3
1 x 1
4 & 4
1 x 2
5 & 5
2 getting the array
2 x 0
6 & 6
2 x 1
7 & 7
2 x 2
8 & 8
int** TwoDArray::getArray() called
TestGetterDoublePt[2][1] : 7
Contents:
0 1 2
3 4 5
6 7 8
operator<<(std::ostream& os, TwoDArray& tda) called

operator int** conversion called
Created the array arrayCopy
0 getting the array
0 x 0
0 & 0
0 x 1
1 & 1
0 x 2
2 & 2
1 getting the array
1 x 0
3 & 3
1 x 1
4 & 4
1 x 2
5 & 5
2 getting the array
2 x 0
6 & 6
2 x 1
7 & 7
2 x 2
8 & 8
int** TwoDArray::getArray() called
operator int* () called
========================================================================
Contents of copied array:
0 1 2
3 4 5
6 7 8
~TwoDArray() called
About to implement Phase 1 Run Test:
siya@LAPTOP-LAAA4T1H:/mnt/c/Users/siyam/OneDrive/Desktop/p4$ ./main
About to implement Phase 1 Run Test:
TwoDArray(int** array, int* sizes, int baseSize) & baseSize is 3
0 of 3
Array Element 0 with new array of size 3 is being created now
1 : size : 3
1 of 3
Array Element 1 with new array of size 3 is being created now
2 : size : 3
2 of 3
Array Element 2 with new array of size 3 is being created now
3 : size : 3
TwoDArray(int** array, int* sizes, int baseSize) called and execution complete
Testing the getter functions
int* TwoDArray::getSizes() called
TestGetterSinglePt[1] : 3
int TwoDArray::getBaseSize() called
TestGetterStackInt : 3
Created the array arrayCopy
0 getting the array
0 x 0
0 & 0
0 x 1
1 & 1
0 x 2
2 & 2
1 getting the array
1 x 0
3 & 3
1 x 1
4 & 4
1 x 2
5 & 5
2 getting the array
2 x 0
6 & 6
2 x 1
7 & 7
2 x 2
8 & 8
int** TwoDArray::getArray() called
TestGetterDoublePt[2][1] : 7
Contents:
0 1 2
3 4 5
6 7 8
operator<<(std::ostream& os, TwoDArray& tda) called

operator int** conversion called
Created the array arrayCopy
0 getting the array
0 x 0
0 & 0
0 x 1
1 & 1
0 x 2
2 & 2
1 getting the array
1 x 0
3 & 3
1 x 1
4 & 4
1 x 2
5 & 5
2 getting the array
2 x 0
6 & 6
2 x 1
7 & 7
2 x 2
8 & 8
int** TwoDArray::getArray() called
operator int* () called
========================================================================
Contents of copied array:
0 1 2
3 4 5
6 7 8
~TwoDArray() called
About to implement Phase 1 Run Test:
siya@LAPTOP-LAAA4T1H:/mnt/c/Users/siyam/OneDrive/Desktop/p4$ ./main
About to implement Phase 1 Run Test:
TwoDArray(int** array, int* sizes, int baseSize) & baseSize is 3
0 of 3
Array Element 0 with new array of size 3 is being created now
1 : size : 3
1 of 3
Array Element 1 with new array of size 3 is being created now
2 : size : 3
2 of 3
Array Element 2 with new array of size 3 is being created now
3 : size : 3
TwoDArray(int** array, int* sizes, int baseSize) called and execution complete
Testing the getter functions
int* TwoDArray::getSizes() called
TestGetterSinglePt[1] : 3
int TwoDArray::getBaseSize() called
TestGetterStackInt : 3
Created the array arrayCopy
0 getting the array
0 x 0
0 & 0
0 x 1
1 & 1
0 x 2
2 & 2
1 getting the array
1 x 0
3 & 3
1 x 1
4 & 4
1 x 2
5 & 5
2 getting the array
2 x 0
6 & 6
2 x 1
7 & 7
2 x 2
8 & 8
int** TwoDArray::getArray() called
TestGetterDoublePt[2][1] : 7
Contents:
0 1 2
3 4 5
6 7 8
operator<<(std::ostream& os, TwoDArray& tda) called

operator int** conversion called
Created the array arrayCopy
0 getting the array
0 x 0
0 & 0
0 x 1
1 & 1
0 x 2
2 & 2
1 getting the array
1 x 0
3 & 3
1 x 1
4 & 4
1 x 2
5 & 5
2 getting the array
2 x 0
6 & 6
2 x 1
7 & 7
2 x 2
8 & 8
int** TwoDArray::getArray() called
operator int* () called
========================================================================
Contents of copied array:
0 1 2
3 4 5
6 7 8
~TwoDArray() called
About to implement Phase 1 Run Test:
siya@LAPTOP-LAAA4T1H:/mnt/c/Users/siyam/OneDrive/Desktop/p4$ make
make: 'main' is up to date.
siya@LAPTOP-LAAA4T1H:/mnt/c/Users/siyam/OneDrive/Desktop/p4$ ./main
About to implement Phase 1 Run Test:
TwoDArray(int** array, int* sizes, int baseSize) & baseSize is 3
0 of 3
Array Element 0 with new array of size 3 is being created now
1 : size : 3
1 of 3
Array Element 1 with new array of size 3 is being created now
2 : size : 3
2 of 3
Array Element 2 with new array of size 3 is being created now
3 : size : 3
TwoDArray(int** array, int* sizes, int baseSize) called and execution complete
Testing the getter functions
int* TwoDArray::getSizes() called
TestGetterSinglePt[1] : 3
int TwoDArray::getBaseSize() called
TestGetterStackInt : 3
Created the array arrayCopy
0 getting the array
0 x 0
0 & 0
0 x 1
1 & 1
0 x 2
2 & 2
1 getting the array
1 x 0
3 & 3
1 x 1
4 & 4
1 x 2
5 & 5
2 getting the array
2 x 0
6 & 6
2 x 1
7 & 7
2 x 2
8 & 8
int** TwoDArray::getArray() called
TestGetterDoublePt[2][1] : 7
Contents:
0 1 2
3 4 5
6 7 8
operator<<(std::ostream& os, TwoDArray& tda) called

operator int** conversion called
Created the array arrayCopy
0 getting the array
0 x 0
0 & 0
0 x 1
1 & 1
0 x 2
2 & 2
1 getting the array
1 x 0
3 & 3
1 x 1
4 & 4
1 x 2
5 & 5
2 getting the array
2 x 0
6 & 6
2 x 1
7 & 7
2 x 2
8 & 8
int** TwoDArray::getArray() called
operator int* () called
========================================================================
Contents of copied array:
0 1 2
3 4 5
6 7 8
~TwoDArray() called
About to implement Phase 1 Run Test:
siya@LAPTOP-LAAA4T1H:/mnt/c/Users/siyam/OneDrive/Desktop/p4$ make
g++ -c -std=c++98 TwoDArray.cpp
g++ -g -std=c++98 main.o TwoDArray.o  -o main
.siya@LAPTOP-LAAA4T1H:/mnt/c/Users/siyam/OneDrive/Desktop/p4$ ./main
About to implement Phase 1 Run Test:
TwoDArray(int** array, int* sizes, int baseSize) & baseSize is 3
0 of 3
1 : size : 3
1 of 3
2 : size : 3
2 of 3
3 : size : 3
TwoDArray(int** array, int* sizes, int baseSize) called and execution complete
Testing the getter functions
int* TwoDArray::getSizes() called
TestGetterSinglePt[1] : 3
int TwoDArray::getBaseSize() called
TestGetterStackInt : 3
Created the array arrayCopy
0 getting the array
0 x 0
0 & 0
0 x 1
1 & 1
0 x 2
2 & 2
1 getting the array
1 x 0
3 & 3
1 x 1
4 & 4
1 x 2
5 & 5
2 getting the array
2 x 0
6 & 6
2 x 1
7 & 7
2 x 2
8 & 8
int** TwoDArray::getArray() called
TestGetterDoublePt[2][1] : 7
Contents:
0 1 2
3 4 5
6 7 8
operator<<(std::ostream& os, TwoDArray& tda) called

operator int** conversion called
Created the array arrayCopy
0 getting the array
0 x 0
0 & 0
0 x 1
1 & 1
0 x 2
2 & 2
1 getting the array
1 x 0
3 & 3
1 x 1
4 & 4
1 x 2
5 & 5
2 getting the array
2 x 0
6 & 6
2 x 1
7 & 7
2 x 2
8 & 8
int** TwoDArray::getArray() called
operator int* () called
========================================================================
Contents of copied array:
0 1 2
3 4 5
6 7 8
~TwoDArray() called
About to implement Phase 1 Run Test:
siya@LAPTOP-LAAA4T1H:/mnt/c/Users/siyam/OneDrive/Desktop/p4$ make
g++ -c -std=c++98 TwoDArray.cpp
g++ -g -std=c++98 main.o TwoDArray.o  -o main
./siya@LAPTOP-LAAA4T1H:/mnt/c/Users/siyam/OneDrive/Desktop/p4$ ./main
About to implement Phase 1 Run Test:
TwoDArray(int** array, int* sizes, int baseSize) & baseSize is 3
0 of 3
Array Element 0 with new array of size 3 is being created now
1 : size : 3
1 of 3
Array Element 1 with new array of size 3 is being created now
2 : size : 3
2 of 3
Array Element 2 with new array of size 3 is being created now
3 : size : 3
TwoDArray(int** array, int* sizes, int baseSize) called and execution complete
Testing the getter functions
int* TwoDArray::getSizes() called
TestGetterSinglePt[1] : 3
int TwoDArray::getBaseSize() called
TestGetterStackInt : 3
Created the array arrayCopy
0 getting the array
0 x 0
0 & 0
0 x 1
1 & 1
0 x 2
2 & 2
1 getting the array
1 x 0
3 & 3
1 x 1
4 & 4
1 x 2
5 & 5
2 getting the array
2 x 0
6 & 6
2 x 1
7 & 7
2 x 2
8 & 8
int** TwoDArray::getArray() called
TestGetterDoublePt[2][1] : 7
Contents:
0 1 2
3 4 5
6 7 8
operator<<(std::ostream& os, TwoDArray& tda) called

operator int** conversion called
Created the array arrayCopy
0 getting the array
0 x 0
0 & 0
0 x 1
1 & 1
0 x 2
2 & 2
1 getting the array
1 x 0
3 & 3
1 x 1
4 & 4
1 x 2
5 & 5
2 getting the array
2 x 0
6 & 6
2 x 1
7 & 7
2 x 2
8 & 8
int** TwoDArray::getArray() called
operator int* () called
========================================================================
Contents of copied array:
0 1 2
3 4 5
6 7 8
~TwoDArray() called
About to implement Phase 1 Run Test:
siya@LAPTOP-LAAA4T1H:/mnt/c/Users/siyam/OneDrive/Desktop/p4$ make
make: 'main' is up to date.
siya@LAPTOP-LAAA4T1H:/mnt/c/Users/siyam/OneDrive/Desktop/p4$ ./main
About to implement Phase 1 Run Test:
TwoDArray(int** array, int* sizes, int baseSize) & baseSize is 3
0 of 3
Array Element 0 with new array of size 3 is being created now
1 : size : 3
1 of 3
Array Element 1 with new array of size 3 is being created now
2 : size : 3
2 of 3
Array Element 2 with new array of size 3 is being created now
3 : size : 3
TwoDArray(int** array, int* sizes, int baseSize) called and execution complete
Testing the getter functions
int* TwoDArray::getSizes() called
TestGetterSinglePt[1] : 3
int TwoDArray::getBaseSize() called
TestGetterStackInt : 3
Created the array arrayCopy
0 getting the array
0 x 0
0 & 0
0 x 1
1 & 1
0 x 2
2 & 2
1 getting the array
1 x 0
3 & 3
1 x 1
4 & 4
1 x 2
5 & 5
2 getting the array
2 x 0
6 & 6
2 x 1
7 & 7
2 x 2
8 & 8
int** TwoDArray::getArray() called
TestGetterDoublePt[2][1] : 7
Contents:
0 1 2
3 4 5
6 7 8
operator<<(std::ostream& os, TwoDArray& tda) called

operator int** conversion called
Created the array arrayCopy
0 getting the array
0 x 0
0 & 0
0 x 1
1 & 1
0 x 2
2 & 2
1 getting the array
1 x 0
3 & 3
1 x 1
4 & 4
1 x 2
5 & 5
2 getting the array
2 x 0
6 & 6
2 x 1
7 & 7
2 x 2
8 & 8
int** TwoDArray::getArray() called
operator int* () called
========================================================================
Contents of copied array:
0 1 2
3 4 5
6 7 8
~TwoDArray() called
About to implement Phase 1 Run Test:
siya@LAPTOP-LAAA4T1H:/mnt/c/Users/siyam/OneDrive/Desktop/p4$ make
make: 'main' is up to date.
siya@LAPTOP-LAAA4T1H:/mnt/c/Users/siyam/OneDrive/Desktop/p4$ ./main
About to implement Phase 1 Run Test:
TwoDArray(int** array, int* sizes, int baseSize) & baseSize is 3
0 of 3
Array Element 0 with new array of size 3 is being created now
1 : size : 3
1 of 3
Array Element 1 with new array of size 3 is being created now
2 : size : 3
2 of 3
Array Element 2 with new array of size 3 is being created now
3 : size : 3
TwoDArray(int** array, int* sizes, int baseSize) called and execution complete
Testing the getter functions
int* TwoDArray::getSizes() called
TestGetterSinglePt[1] : 3
int TwoDArray::getBaseSize() called
TestGetterStackInt : 3
Created the array arrayCopy
0 getting the array
0 x 0
0 & 0
0 x 1
1 & 1
0 x 2
2 & 2
1 getting the array
1 x 0
3 & 3
1 x 1
4 & 4
1 x 2
5 & 5
2 getting the array
2 x 0
6 & 6
2 x 1
7 & 7
2 x 2
8 & 8
int** TwoDArray::getArray() called
TestGetterDoublePt[2][1] : 7
Contents:
0 1 2
3 4 5
6 7 8
operator<<(std::ostream& os, TwoDArray& tda) called

operator int** conversion called
Created the array arrayCopy
0 getting the array
0 x 0
0 & 0
0 x 1
1 & 1
0 x 2
2 & 2
1 getting the array
1 x 0
3 & 3
1 x 1
4 & 4
1 x 2
5 & 5
2 getting the array
2 x 0
6 & 6
2 x 1
7 & 7
2 x 2
8 & 8
int** TwoDArray::getArray() called
operator int* () called
========================================================================
Contents of copied array:
0 1 2
3 4 5
6 7 8
~TwoDArray() called
About to implement Phase 1 Run Test:
siya@LAPTOP-LAAA4T1H:/mnt/c/Users/siyam/OneDrive/Desktop/p4$ make
make: 'main' is up to date.
siya@LAPTOP-LAAA4T1H:/mnt/c/Users/siyam/OneDrive/Desktop/p4$ ./main
About to implement Phase 1 Run Test:
TwoDArray(int** array, int* sizes, int baseSize) & baseSize is 3
0 of 3
Array Element 0 with new array of size 3 is being created now
1 : size : 3
1 of 3
Array Element 1 with new array of size 3 is being created now
2 : size : 3
2 of 3
Array Element 2 with new array of size 3 is being created now
3 : size : 3
TwoDArray(int** array, int* sizes, int baseSize) called and execution complete
Testing the getter functions
int* TwoDArray::getSizes() called
TestGetterSinglePt[1] : 3
int TwoDArray::getBaseSize() called
TestGetterStackInt : 3
Created the array arrayCopy
0 getting the array
0 x 0
0 & 0
0 x 1
1 & 1
0 x 2
2 & 2
1 getting the array
1 x 0
3 & 3
1 x 1
4 & 4
1 x 2
5 & 5
2 getting the array
2 x 0
6 & 6
2 x 1
7 & 7
2 x 2
8 & 8
int** TwoDArray::getArray() called
TestGetterDoublePt[2][1] : 7
Contents:
0 1 2
3 4 5
6 7 8
operator<<(std::ostream& os, TwoDArray& tda) called

operator int** conversion called
Created the array arrayCopy
0 getting the array
0 x 0
0 & 0
0 x 1
1 & 1
0 x 2
2 & 2
1 getting the array
1 x 0
3 & 3
1 x 1
4 & 4
1 x 2
5 & 5
2 getting the array
2 x 0
6 & 6
2 x 1
7 & 7
2 x 2
8 & 8
int** TwoDArray::getArray() called
operator int* () called
========================================================================
Contents of copied array:
0 1 2
3 4 5
6 7 8
~TwoDArray() called
About to implement Phase 1 Run Test:
siya@LAPTOP-LAAA4T1H:/mnt/c/Users/siyam/OneDrive/Desktop/p4$ make
make: 'main' is up to date.
siya@LAPTOP-LAAA4T1H:/mnt/c/Users/siyam/OneDrive/Desktop/p4$ ./main
About to implement Phase 1 Run Test:
TwoDArray(int** array, int* sizes, int baseSize) & baseSize is 3
0 of 3
Array Element 0 with new array of size 3 is being created now
1 : size : 3
1 of 3
Array Element 1 with new array of size 3 is being created now
2 : size : 3
2 of 3
Array Element 2 with new array of size 3 is being created now
3 : size : 3
TwoDArray(int** array, int* sizes, int baseSize) called and execution complete
Testing the getter functions
int* TwoDArray::getSizes() called
TestGetterSinglePt[1] : 3
int TwoDArray::getBaseSize() called
TestGetterStackInt : 3
Created the array arrayCopy
0 getting the array
0 x 0
0 & 0
0 x 1
1 & 1
0 x 2
2 & 2
1 getting the array
1 x 0
3 & 3
1 x 1
4 & 4
1 x 2
5 & 5
2 getting the array
2 x 0
6 & 6
2 x 1
7 & 7
2 x 2
8 & 8
int** TwoDArray::getArray() called
TestGetterDoublePt[2][1] : 7
Contents:
0 1 2
3 4 5
6 7 8
operator<<(std::ostream& os, TwoDArray& tda) called

operator int** conversion called
Created the array arrayCopy
0 getting the array
0 x 0
0 & 0
0 x 1
1 & 1
0 x 2
2 & 2
1 getting the array
1 x 0
3 & 3
1 x 1
4 & 4
1 x 2
5 & 5
2 getting the array
2 x 0
6 & 6
2 x 1
7 & 7
2 x 2
8 & 8
int** TwoDArray::getArray() called
operator int* () called
========================================================================
Contents of copied array:
0 1 2
3 4 5
6 7 8
~TwoDArray() called
About to implement Phase 1 Run Test:
siya@LAPTOP-LAAA4T1H:/mnt/c/Users/siyam/OneDrive/Desktop/p4$ make
g++    -c -o main.o main.cpp
./maing++ -g -std=c++98 main.o TwoDArray.o  -o main

siya@LAPTOP-LAAA4T1H:/mnt/c/Users/siyam/OneDrive/Desktop/p4$ ./main
About to implement Phase 1 Run Test:
TwoDArray(int** array, int* sizes, int baseSize) & baseSize is 3
0 of 3
Array Element 0 with new array of size 3 is being created now
1 : size : 3
1 of 3
Array Element 1 with new array of size 3 is being created now
2 : size : 3
2 of 3
Array Element 2 with new array of size 3 is being created now
3 : size : 3
TwoDArray(int** array, int* sizes, int baseSize) called and execution complete
Testing the getter functions
int* TwoDArray::getSizes() called
TestGetterSinglePt[1] : 3
int TwoDArray::getBaseSize() called
TestGetterStackInt : 3
Created the array arrayCopy
0 getting the array
0 x 0
0 & 0
0 x 1
1 & 1
0 x 2
2 & 2
1 getting the array
1 x 0
3 & 3
1 x 1
4 & 4
1 x 2
5 & 5
2 getting the array
2 x 0
6 & 6
2 x 1
7 & 7
2 x 2
8 & 8
int** TwoDArray::getArray() called
TestGetterDoublePt[2][1] : 7
Contents:
0 1 2
3 4 5
6 7 8
operator<<(std::ostream& os, TwoDArray& tda) called

operator int** conversion called
Created the array arrayCopy
0 getting the array
0 x 0
0 & 0
0 x 1
1 & 1
0 x 2
2 & 2
1 getting the array
1 x 0
3 & 3
1 x 1
4 & 4
1 x 2
5 & 5
2 getting the array
2 x 0
6 & 6
2 x 1
7 & 7
2 x 2
8 & 8
int** TwoDArray::getArray() called
operator int* () called
Contents of copied array:
0 1 2
3 4 5
6 7 8
Seems like anything after the arrays being destroyed does not execute idk why thoug am I to assume its just some namespace thing?? ^^========================================================================



The end of task One


~TwoDArray() called
Ummmmmmmmmmmmmmmmmmmmmmmmmmmmmmmmmmmmmmmmmmmmmmmmmmmmmmmmmmmmmmmmmmmmmmmmmmmmmmmmmmmm
siya@LAPTOP-LAAA4T1H:/mnt/c/Users/siyam/OneDrive/Desktop/p4$ make
g++    -c -o main.o main.cpp
.g++ -g -std=c++98 main.o TwoDArray.o  -o main
/msiya@LAPTOP-LAAA4T1H:/mnt/c/Users/siyam/OneDrive/Desktop/p4$ ./main
About to implement Phase 1 Run Test:
TwoDArray(int** array, int* sizes, int baseSize) & baseSize is 3
0 of 3
Array Element 0 with new array of size 3 is being created now
1 : size : 3
1 of 3
Array Element 1 with new array of size 3 is being created now
2 : size : 3
2 of 3
Array Element 2 with new array of size 3 is being created now
3 : size : 3
TwoDArray(int** array, int* sizes, int baseSize) called and execution complete
Testing the getter functions
int* TwoDArray::getSizes() called
TestGetterSinglePt[1] : 3
int TwoDArray::getBaseSize() called
TestGetterStackInt : 3
Created the array arrayCopy
0 getting the array
0 x 0
0 & 0
0 x 1
1 & 1
0 x 2
2 & 2
1 getting the array
1 x 0
3 & 3
1 x 1
4 & 4
1 x 2
5 & 5
2 getting the array
2 x 0
6 & 6
2 x 1
7 & 7
2 x 2
8 & 8
int** TwoDArray::getArray() called
TestGetterDoublePt[2][1] : 7
Contents:
0 1 2
3 4 5
6 7 8
operator<<(std::ostream& os, TwoDArray& tda) called

operator int** conversion called
Created the array arrayCopy
0 getting the array
0 x 0
0 & 0
0 x 1
1 & 1
0 x 2
2 & 2
1 getting the array
1 x 0
3 & 3
1 x 1
4 & 4
1 x 2
5 & 5
2 getting the array
2 x 0
6 & 6
2 x 1
7 & 7
2 x 2
8 & 8
int** TwoDArray::getArray() called
operator int* () called
Contents of copied array:
0 1 2
3 4 5
6 7 8
Seems like anything after the arrays being destroyed does not execute idk why thoug am I to assume its just some namespace thing?? ^^========================================================================



The end of task One


~TwoDArray() called
Ok Phase 1 Complete
siya@LAPTOP-LAAA4T1H:/mnt/c/Users/siyam/OneDrive/Desktop/p4$